../Drivers/src/lpc17xx_qei.c:77:6:QEI_Reset	16	static
../Drivers/src/lpc17xx_qei.c:94:6:QEI_Init	16	static
../Drivers/src/lpc17xx_qei.c:135:6:QEI_DeInit	8	static
../Drivers/src/lpc17xx_qei.c:154:6:QEI_ConfigStructInit	0	static
../Drivers/src/lpc17xx_qei.c:170:12:QEI_GetStatus	16	static
../Drivers/src/lpc17xx_qei.c:182:10:QEI_GetPosition	8	static
../Drivers/src/lpc17xx_qei.c:194:6:QEI_SetMaxPosition	16	static
../Drivers/src/lpc17xx_qei.c:210:6:QEI_SetPositionComp	16	static
../Drivers/src/lpc17xx_qei.c:226:10:QEI_GetIndex	8	static
../Drivers/src/lpc17xx_qei.c:238:6:QEI_SetIndexComp	16	static
../Drivers/src/lpc17xx_qei.c:253:6:QEI_SetTimerReload	16	static
../Drivers/src/lpc17xx_qei.c:274:10:QEI_GetTimer	8	static
../Drivers/src/lpc17xx_qei.c:285:10:QEI_GetVelocity	8	static
../Drivers/src/lpc17xx_qei.c:298:10:QEI_GetVelocityCap	8	static
../Drivers/src/lpc17xx_qei.c:310:6:QEI_SetVelocityComp	16	static
../Drivers/src/lpc17xx_qei.c:323:6:QEI_SetDigiFilter	16	static
../Drivers/src/lpc17xx_qei.c:353:12:QEI_GetIntStatus	16	static
../Drivers/src/lpc17xx_qei.c:387:6:QEI_IntCmd	16	static
../Drivers/src/lpc17xx_qei.c:424:6:QEI_IntSet	16	static
../Drivers/src/lpc17xx_qei.c:455:6:QEI_IntClear	16	static
../Drivers/src/lpc17xx_qei.c:474:10:QEI_CalculateRPM	24	static
