../Drivers/src/lpc17xx_can.c:136:6:CAN_Init	24	static
../Drivers/src/lpc17xx_can.c:193:6:CAN_DeInit	8	static
../Drivers/src/lpc17xx_can.c:220:11:CAN_SetupAFLUT	48	static
../Drivers/src/lpc17xx_can.c:487:11:CAN_LoadExplicitEntry	40	static
../Drivers/src/lpc17xx_can.c:696:11:CAN_LoadFullCANEntry	48	static
../Drivers/src/lpc17xx_can.c:882:11:CAN_LoadGroupEntry	40	static
../Drivers/src/lpc17xx_can.c:1062:11:CAN_RemoveEntry	48	static
../Drivers/src/lpc17xx_can.c:1302:8:CAN_SendMsg	16	static
../Drivers/src/lpc17xx_can.c:1455:8:CAN_ReceiveMsg	16	static
../Drivers/src/lpc17xx_can.c:1520:11:FCAN_ReadObj	32	static
../Drivers/src/lpc17xx_can.c:1609:10:CAN_GetCTRLStatus	16	static
../Drivers/src/lpc17xx_can.c:1639:10:CAN_GetCRStatus	16	static
../Drivers/src/lpc17xx_can.c:1680:6:CAN_IRQCmd	16	static
../Drivers/src/lpc17xx_can.c:1719:6:CAN_SetAFMode	16	static
../Drivers/src/lpc17xx_can.c:1760:6:CAN_ModeConfig	16	static
../Drivers/src/lpc17xx_can.c:1835:6:CAN_SetCommand	16	static
../Drivers/src/lpc17xx_can.c:1848:10:CAN_IntGetStatus	8	static
../Drivers/src/lpc17xx_can.c:1861:11:CAN_FullCANIntGetStatus	8	static
../Drivers/src/lpc17xx_can.c:1877:10:CAN_FullCANPendGetStatus	16	static
