../Drivers/src/lpc17xx_uart.c:156:6:UART_PinConfig	8	static
../Drivers/src/lpc17xx_uart.c:181:6:UART_Init	56	static
../Drivers/src/lpc17xx_uart.c:271:6:UART_FIFOConfig	16	static
../Drivers/src/lpc17xx_uart.c:298:6:UART_SendByte	16	static
../Drivers/src/lpc17xx_uart.c:304:9:UART_ReceiveByte	8	static
../Drivers/src/lpc17xx_uart.c:310:10:UART_Send	32	static
../Drivers/src/lpc17xx_uart.c:339:10:UART_Receive	24	static
../Drivers/src/lpc17xx_uart.c:365:10:UART_GetIntId	8	static
../Drivers/src/lpc17xx_uart.c:370:9:UART_GetLineStatus	8	static
../Drivers/src/lpc17xx_uart.c:376:6:UART_IntConfig	16	static
../Drivers/src/lpc17xx_uart.c:405:6:UART_TxEnable	8	static
../Drivers/src/lpc17xx_uart.c:411:6:UART_TxDisable	8	static
../Drivers/src/lpc17xx_uart.c:255:6:UART_DeInit	8	static
../Drivers/src/lpc17xx_uart.c:417:12:UART_CheckBusy	8	static
../Drivers/src/lpc17xx_uart.c:423:6:UART_ForceBreak	8	static
../Drivers/src/lpc17xx_uart.c:429:6:UART_ABCmd	16	static
../Drivers/src/lpc17xx_uart.c:457:6:UART_ABClearIntPending	16	static
../Drivers/src/lpc17xx_uart.c:463:6:UART_IrDAInvtInputEnable	8	static
../Drivers/src/lpc17xx_uart.c:469:6:UART_IrDAInvtInputDisable	8	static
../Drivers/src/lpc17xx_uart.c:475:6:UART_IrDAPulseDivConfig	16	static
../Drivers/src/lpc17xx_uart.c:485:6:UART_ModemPinActive	8	static
../Drivers/src/lpc17xx_uart.c:493:6:UART_ModemPinInactive	8	static
../Drivers/src/lpc17xx_uart.c:501:6:UART_ModemModeEnable	0	static
../Drivers/src/lpc17xx_uart.c:515:6:UART_ModemModeDisable	0	static
../Drivers/src/lpc17xx_uart.c:529:9:UART_FullModemGetStatus	8	static
../Drivers/src/lpc17xx_uart.c:535:6:UART_RS485Config	8	static
../Drivers/src/lpc17xx_uart.c:577:6:UART_RS485ReceiverEnable	0	static
../Drivers/src/lpc17xx_uart.c:581:6:UART_RS485ReceiverDisable	0	static
../Drivers/src/lpc17xx_uart.c:585:10:UART_RS485Send	8	static
../Drivers/src/lpc17xx_uart.c:603:6:UART_RS485SendSlvAddr	16	static
../Drivers/src/lpc17xx_uart.c:607:10:UART_RS485SendData	0	static
