../Drivers/src/lpc17xx_i2s.c:114:6:I2S_Init	8	static
../Drivers/src/lpc17xx_i2s.c:135:6:I2S_Config	16	static
../Drivers/src/lpc17xx_i2s.c:167:6:I2S_DeInit	8	static
../Drivers/src/lpc17xx_i2s.c:182:9:I2S_GetLevel	16	static
../Drivers/src/lpc17xx_i2s.c:202:6:I2S_Start	0	static
../Drivers/src/lpc17xx_i2s.c:218:6:I2S_Send	16	static
../Drivers/src/lpc17xx_i2s.c:229:10:I2S_Receive	8	static
../Drivers/src/lpc17xx_i2s.c:244:6:I2S_Pause	16	static
../Drivers/src/lpc17xx_i2s.c:265:6:I2S_Mute	16	static
../Drivers/src/lpc17xx_i2s.c:286:6:I2S_Stop	16	static
../Drivers/src/lpc17xx_i2s.c:312:8:I2S_FreqConfig	24	static
../Drivers/src/lpc17xx_i2s.c:356:6:I2S_SetBitRate	16	static
../Drivers/src/lpc17xx_i2s.c:382:6:I2S_ModeConfig	16	static
../Drivers/src/lpc17xx_i2s.c:425:6:I2S_DMAConfig	16	static
../Drivers/src/lpc17xx_i2s.c:462:6:I2S_DMACmd	24	static
../Drivers/src/lpc17xx_i2s.c:506:6:I2S_IRQConfig	16	static
../Drivers/src/lpc17xx_i2s.c:529:6:I2S_IRQCmd	16	static
../Drivers/src/lpc17xx_i2s.c:558:17:I2S_GetIRQStatus	16	static
../Drivers/src/lpc17xx_i2s.c:575:9:I2S_GetIRQDepth	16	static
