../Drivers/src/lpc17xx_rtc.c:54:6:RTC_Init	8	static
../Drivers/src/lpc17xx_rtc.c:76:6:RTC_DeInit	8	static
../Drivers/src/lpc17xx_rtc.c:90:6:RTC_ResetClockTickCounter	8	static
../Drivers/src/lpc17xx_rtc.c:106:6:RTC_Cmd	16	static
../Drivers/src/lpc17xx_rtc.c:144:6:RTC_CntIncrIntConfig	16	static
../Drivers/src/lpc17xx_rtc.c:236:6:RTC_AlarmIntConfig	16	static
../Drivers/src/lpc17xx_rtc.c:321:6:RTC_SetTime	16	static
../Drivers/src/lpc17xx_rtc.c:395:10:RTC_GetTime	16	static
../Drivers/src/lpc17xx_rtc.c:431:6:RTC_SetFullTime	16	static
../Drivers/src/lpc17xx_rtc.c:453:6:RTC_GetFullTime	16	static
../Drivers/src/lpc17xx_rtc.c:483:6:RTC_SetAlarmTime	16	static
../Drivers/src/lpc17xx_rtc.c:558:10:RTC_GetAlarmTime	0	static
../Drivers/src/lpc17xx_rtc.c:591:6:RTC_SetFullAlarmTime	16	static
../Drivers/src/lpc17xx_rtc.c:613:6:RTC_GetFullAlarmTime	16	static
../Drivers/src/lpc17xx_rtc.c:640:11:RTC_GetIntPending	16	static
../Drivers/src/lpc17xx_rtc.c:659:6:RTC_ClearIntPending	16	static
../Drivers/src/lpc17xx_rtc.c:675:6:RTC_CalibCounterCmd	16	static
../Drivers/src/lpc17xx_rtc.c:701:6:RTC_CalibConfig	16	static
../Drivers/src/lpc17xx_rtc.c:723:6:RTC_WriteGPREG	16	static
../Drivers/src/lpc17xx_rtc.c:746:10:RTC_ReadGPREG	16	static
