../Drivers/src/lpc17xx_emac.c:179:16:read_PHY	0	static
../Drivers/src/lpc17xx_emac.c:152:16:write_PHY.constprop.isra	0	static
../Drivers/src/lpc17xx_emac.c:381:6:EMAC_DeInit	0	static
../Drivers/src/lpc17xx_emac.c:413:9:EMAC_CheckPHYStatus	8	static
../Drivers/src/lpc17xx_emac.c:544:9:EMAC_UpdatePHYStatus	8	static
../Drivers/src/lpc17xx_emac.c:463:9:EMAC_SetPHYMode	16	static
../Drivers/src/lpc17xx_emac.c:285:8:EMAC_Init	24	static
../Drivers/src/lpc17xx_emac.c:635:6:EMAC_SetHashFilter	36	static
../Drivers/src/lpc17xx_emac.c:685:6:EMAC_SetFilterMode	0	static
../Drivers/src/lpc17xx_emac.c:711:12:EMAC_GetWoLStatus	0	static
../Drivers/src/lpc17xx_emac.c:730:6:EMAC_WritePacketBuffer	20	static
../Drivers/src/lpc17xx_emac.c:753:6:EMAC_ReadPacketBuffer	0	static
../Drivers/src/lpc17xx_emac.c:787:6:EMAC_IntCmd	0	static
../Drivers/src/lpc17xx_emac.c:813:11:EMAC_IntGetStatus	0	static
../Drivers/src/lpc17xx_emac.c:834:6:EMAC_CheckReceiveIndex	0	static
../Drivers/src/lpc17xx_emac.c:854:6:EMAC_CheckTransmitIndex	0	static
../Drivers/src/lpc17xx_emac.c:884:12:EMAC_CheckReceiveDataStatus	0	static
../Drivers/src/lpc17xx_emac.c:898:10:EMAC_GetReceiveDataSize	0	static
../Drivers/src/lpc17xx_emac.c:912:6:EMAC_UpdateRxConsumeIndex	0	static
../Drivers/src/lpc17xx_emac.c:929:6:EMAC_UpdateTxProduceIndex	0	static
