../Drivers/src/lpc17xx_adc.c:46:6:ADC_Init	8	static
../Drivers/src/lpc17xx_adc.c:61:6:ADC_DeInit	0	static
../Drivers/src/lpc17xx_adc.c:67:6:ADC_PinConfig	0	static
../Drivers/src/lpc17xx_adc.c:115:6:ADC_BurstEnable	0	static
../Drivers/src/lpc17xx_adc.c:119:6:ADC_BurstDisable	0	static
../Drivers/src/lpc17xx_adc.c:123:6:ADC_PowerUp	0	static
../Drivers/src/lpc17xx_adc.c:127:6:ADC_PowerDown	0	static
../Drivers/src/lpc17xx_adc.c:131:6:ADC_StartCmd	8	static
../Drivers/src/lpc17xx_adc.c:138:6:ADC_ChannelEnable	8	static
../Drivers/src/lpc17xx_adc.c:144:6:ADC_ChannelDisable	8	static
../Drivers/src/lpc17xx_adc.c:150:6:ADC_EdgeStartConfig	8	static
../Drivers/src/lpc17xx_adc.c:160:6:ADC_IntEnable	8	static
../Drivers/src/lpc17xx_adc.c:166:6:ADC_IntDisable	8	static
../Drivers/src/lpc17xx_adc.c:172:12:ADC_GlobalGetStatus	8	static
../Drivers/src/lpc17xx_adc.c:190:12:ADC_ChannelGetStatus	16	static
../Drivers/src/lpc17xx_adc.c:209:10:ADC_GlobalGetData	0	static
../Drivers/src/lpc17xx_adc.c:213:10:ADC_ChannelGetData	8	static
