../Drivers/src/lpc17xx_pwm.c:103:6:PWM_DeInit	0	static
../Drivers/src/lpc17xx_pwm.c:108:6:PWM_PinConfig	8	static
../Drivers/src/lpc17xx_pwm.c:129:6:PWM_ChannelConfig	16	static
../Drivers/src/lpc17xx_pwm.c:144:6:PWM_Enable	0	static
../Drivers/src/lpc17xx_pwm.c:148:6:PWM_Disable	0	static
../Drivers/src/lpc17xx_pwm.c:152:6:PWM_ChannelEnable	8	static
../Drivers/src/lpc17xx_pwm.c:158:6:PWM_ChannelDisable	8	static
../Drivers/src/lpc17xx_pwm.c:164:6:PWM_CounterEnable	0	static
../Drivers/src/lpc17xx_pwm.c:168:6:PWM_CounterDisable	0	static
../Drivers/src/lpc17xx_pwm.c:172:6:PWM_ResetCounter	0	static
../Drivers/src/lpc17xx_pwm.c:57:13:PWM_Init	8	static
../Drivers/src/lpc17xx_pwm.c:76:6:PWM_InitTimer	16	static
../Drivers/src/lpc17xx_pwm.c:94:6:PWM_InitCounter	8	static
../Drivers/src/lpc17xx_pwm.c:193:6:PWM_MatchUpdateSingle	56	static
../Drivers/src/lpc17xx_pwm.c:177:6:PWM_ConfigMatch	16	static
../Drivers/src/lpc17xx_pwm.c:203:6:PWM_MatchUpdateDouble	64	static
../Drivers/src/lpc17xx_pwm.c:216:6:PWM_ClearIntPending	8	static
../Drivers/src/lpc17xx_pwm.c:222:12:PWM_GetIntStatus	8	static
../Drivers/src/lpc17xx_pwm.c:228:6:PWM_ConfigCapture	16	static
../Drivers/src/lpc17xx_pwm.c:241:10:PWM_GetCaptureValue	8	static
