Archive member included to satisfy reference by file (symbol)

C:\Users\benja\Documents\MCUXpressoIDE_25.6.136\workspace\CMSISv2p00_LPC17xx\Debug\libCMSISv2p00_LPC17xx.a(system_LPC17xx.o)
                              ./src/cr_startup_lpc175x_6x.o (SystemInit)
C:\Users\benja\Documents\MCUXpressoIDE_25.6.136\workspace\CMSISv2p00_LPC17xx\Debug\libCMSISv2p00_LPC17xx.a(lpc17xx_adc.o)
                              ./src/digital-osc.o (ADC_Init)
C:\Users\benja\Documents\MCUXpressoIDE_25.6.136\workspace\CMSISv2p00_LPC17xx\Debug\libCMSISv2p00_LPC17xx.a(lpc17xx_clkpwr.o)
                              C:\Users\benja\Documents\MCUXpressoIDE_25.6.136\workspace\CMSISv2p00_LPC17xx\Debug\libCMSISv2p00_LPC17xx.a(lpc17xx_adc.o) (CLKPWR_GetPCLK)
C:\Users\benja\Documents\MCUXpressoIDE_25.6.136\workspace\CMSISv2p00_LPC17xx\Debug\libCMSISv2p00_LPC17xx.a(lpc17xx_gpdma.o)
                              ./src/digital-osc.o (GPDMA_Init)
C:\Users\benja\Documents\MCUXpressoIDE_25.6.136\workspace\CMSISv2p00_LPC17xx\Debug\libCMSISv2p00_LPC17xx.a(lpc17xx_libcfg_default.o)
                              C:\Users\benja\Documents\MCUXpressoIDE_25.6.136\workspace\CMSISv2p00_LPC17xx\Debug\libCMSISv2p00_LPC17xx.a(lpc17xx_adc.o) (check_failed)
C:\Users\benja\Documents\MCUXpressoIDE_25.6.136\workspace\CMSISv2p00_LPC17xx\Debug\libCMSISv2p00_LPC17xx.a(lpc17xx_uart.o)
                              ./src/digital-osc.o (UART_PinConfig)
C:\Users\benja\Documents\MCUXpressoIDE_25.6.136\workspace\CMSISv2p00_LPC17xx\Debug\libCMSISv2p00_LPC17xx.a(lpc17xx_pinsel.o)
                              C:\Users\benja\Documents\MCUXpressoIDE_25.6.136\workspace\CMSISv2p00_LPC17xx\Debug\libCMSISv2p00_LPC17xx.a(lpc17xx_uart.o) (PINSEL_ConfigPin)
C:/nxp/MCUXpressoIDE_25.6.136/ide/plugins/com.nxp.mcuxpresso.tools.win32_25.6.0.202501151204/tools/bin/../lib/gcc/arm-none-eabi/14.2.1/../../../../arm-none-eabi/lib/thumb/v7-m/nofp\libcr_semihost.a(_cr__main.o)
                              ./src/cr_startup_lpc175x_6x.o (__main)
C:/nxp/MCUXpressoIDE_25.6.136/ide/plugins/com.nxp.mcuxpresso.tools.win32_25.6.0.202501151204/tools/bin/../lib/gcc/arm-none-eabi/14.2.1/../../../../arm-none-eabi/lib/thumb/v7-m/nofp\libcr_c.a(fpprintf.o)
                              ./src/digital-osc.o (sprintf)
C:/nxp/MCUXpressoIDE_25.6.136/ide/plugins/com.nxp.mcuxpresso.tools.win32_25.6.0.202501151204/tools/bin/../lib/gcc/arm-none-eabi/14.2.1/../../../../arm-none-eabi/lib/thumb/v7-m/nofp\libcr_c.a(initio.o)
                              C:/nxp/MCUXpressoIDE_25.6.136/ide/plugins/com.nxp.mcuxpresso.tools.win32_25.6.0.202501151204/tools/bin/../lib/gcc/arm-none-eabi/14.2.1/../../../../arm-none-eabi/lib/thumb/v7-m/nofp\libcr_semihost.a(_cr__main.o) (_initio)
C:/nxp/MCUXpressoIDE_25.6.136/ide/plugins/com.nxp.mcuxpresso.tools.win32_25.6.0.202501151204/tools/bin/../lib/gcc/arm-none-eabi/14.2.1/../../../../arm-none-eabi/lib/thumb/v7-m/nofp\libcr_c.a(printf.o)
                              C:/nxp/MCUXpressoIDE_25.6.136/ide/plugins/com.nxp.mcuxpresso.tools.win32_25.6.0.202501151204/tools/bin/../lib/gcc/arm-none-eabi/14.2.1/../../../../arm-none-eabi/lib/thumb/v7-m/nofp\libcr_c.a(fpprintf.o) (__vfprintf)
C:/nxp/MCUXpressoIDE_25.6.136/ide/plugins/com.nxp.mcuxpresso.tools.win32_25.6.0.202501151204/tools/bin/../lib/gcc/arm-none-eabi/14.2.1/../../../../arm-none-eabi/lib/thumb/v7-m/nofp\libcr_c.a(setvbuf.o)
                              C:/nxp/MCUXpressoIDE_25.6.136/ide/plugins/com.nxp.mcuxpresso.tools.win32_25.6.0.202501151204/tools/bin/../lib/gcc/arm-none-eabi/14.2.1/../../../../arm-none-eabi/lib/thumb/v7-m/nofp\libcr_c.a(initio.o) (setvbuf)
C:/nxp/MCUXpressoIDE_25.6.136/ide/plugins/com.nxp.mcuxpresso.tools.win32_25.6.0.202501151204/tools/bin/../lib/gcc/arm-none-eabi/14.2.1/../../../../arm-none-eabi/lib/thumb/v7-m/nofp\libcr_c.a(strlen.o)
                              ./src/digital-osc.o (strlen)
C:/nxp/MCUXpressoIDE_25.6.136/ide/plugins/com.nxp.mcuxpresso.tools.win32_25.6.0.202501151204/tools/bin/../lib/gcc/arm-none-eabi/14.2.1/../../../../arm-none-eabi/lib/thumb/v7-m/nofp\libcr_c.a(memset.o)
                              C:/nxp/MCUXpressoIDE_25.6.136/ide/plugins/com.nxp.mcuxpresso.tools.win32_25.6.0.202501151204/tools/bin/../lib/gcc/arm-none-eabi/14.2.1/../../../../arm-none-eabi/lib/thumb/v7-m/nofp\libcr_c.a(fpprintf.o) (memset)
C:/nxp/MCUXpressoIDE_25.6.136/ide/plugins/com.nxp.mcuxpresso.tools.win32_25.6.0.202501151204/tools/bin/../lib/gcc/arm-none-eabi/14.2.1/../../../../arm-none-eabi/lib/thumb/v7-m/nofp\libcr_c.a(_deferredlazyseek.o)
                              C:/nxp/MCUXpressoIDE_25.6.136/ide/plugins/com.nxp.mcuxpresso.tools.win32_25.6.0.202501151204/tools/bin/../lib/gcc/arm-none-eabi/14.2.1/../../../../arm-none-eabi/lib/thumb/v7-m/nofp\libcr_c.a(fpprintf.o) (__flsbuf)
C:/nxp/MCUXpressoIDE_25.6.136/ide/plugins/com.nxp.mcuxpresso.tools.win32_25.6.0.202501151204/tools/bin/../lib/gcc/arm-none-eabi/14.2.1/../../../../arm-none-eabi/lib/thumb/v7-m/nofp\libcr_c.a(_fdopen.o)
[...]
Memory Configuration

Name             Origin             Length             Attributes
MFlash512        0x00000000         0x00080000         xr
RamLoc32         0x10000000         0x00008000         xrw
RamAHB32         0x2007c000         0x00008000         xrw
*default*        0x00000000         0xffffffff

Linker script and memory map

LOAD ./src/cr_startup_lpc175x_6x.o
LOAD ./src/crp.o
LOAD ./src/digital-osc.o
LOAD C:\Users\benja\Documents\MCUXpressoIDE_25.6.136\workspace\CMSISv2p00_LPC17xx\Debug\libCMSISv2p00_LPC17xx.a
START GROUP
LOAD C:/nxp/MCUXpressoIDE_25.6.136/ide/plugins/com.nxp.mcuxpresso.tools.win32_25.6.0.202501151204/tools/bin/../lib/gcc/arm-none-eabi/14.2.1/../../../../arm-none-eabi/lib/thumb/v7-m/nofp\libcr_semihost.a
LOAD C:/nxp/MCUXpressoIDE_25.6.136/ide/plugins/com.nxp.mcuxpresso.tools.win32_25.6.0.202501151204/tools/bin/../lib/gcc/arm-none-eabi/14.2.1/../../../../arm-none-eabi/lib/thumb/v7-m/nofp\libcr_c.a
LOAD C:/nxp/MCUXpressoIDE_25.6.136/ide/plugins/com.nxp.mcuxpresso.tools.win32_25.6.0.202501151204/tools/bin/../lib/gcc/arm-none-eabi/14.2.1/thumb/v7-m/nofp\libcr_eabihelpers.a
LOAD C:/nxp/MCUXpressoIDE_25.6.136/ide/plugins/com.nxp.mcuxpresso.tools.win32_25.6.0.202501151204/tools/bin/../lib/gcc/arm-none-eabi/14.2.1/thumb/v7-m/nofp\libgcc.a
END GROUP
                0x00000000                        __base_MFlash512 = 0x0
                0x00000000                        __base_Flash = 0x0
                0x00080000                        __top_MFlash512 = 0x80000
                0x00080000                        __top_Flash = 0x80000
                0x10000000                        __base_RamLoc32 = 0x10000000
                0x10000000                        __base_RAM = 0x10000000
                0x10008000                        __top_RamLoc32 = 0x10008000
                0x10008000                        __top_RAM = 0x10008000
                0x2007c000                        __base_RamAHB32 = 0x2007c000
                0x2007c000                        __base_RAM2 = 0x2007c000
                0x20084000                        __top_RamAHB32 = 0x20084000
                0x20084000                        __top_RAM2 = 0x20084000

.text           0x00000000     0x374c
 FILL mask 0xff
                0x00000000                        __vectors_start__ = ABSOLUTE (.)
 *(.isr_vector)
 .isr_vector    0x00000000       0xcc ./src/cr_startup_lpc175x_6x.o
                0x00000000                g_pfnVectors
                0x000000cc                        . = ALIGN (0x4)
                0x000000cc                        __section_table_start = .
                0x000000cc                        __data_section_table = .
                0x000000cc        0x4 LONG 0x374c LOADADDR (.data)
                0x000000d0        0x4 LONG 0x10000000 ADDR (.data)
                0x000000d4        0x4 LONG 0x24 SIZEOF (.data)
                0x000000d8        0x4 LONG 0x374c LOADADDR (.data_RAM2)
                0x000000dc        0x4 LONG 0x2007c000 ADDR (.data_RAM2)
                0x000000e0        0x4 LONG 0x0 SIZEOF (.data_RAM2)
                0x000000e4                        __data_section_table_end = .
                0x000000e4                        __bss_section_table = .
                0x000000e4        0x4 LONG 0x10000024 ADDR (.bss)
                0x000000e8        0x4 LONG 0x4744 SIZEOF (.bss)
                0x000000ec        0x4 LONG 0x2007c000 ADDR (.bss_RAM2)
                0x000000f0        0x4 LONG 0x0 SIZEOF (.bss_RAM2)
                0x000000f4                        __bss_section_table_end = .
                0x000000f4                        __section_table_end = .
 *(.after_vectors*)
 .after_vectors
                0x000000f4      0x148 ./src/cr_startup_lpc175x_6x.o
                0x000000f4                data_init
                0x00000138                bss_init
                0x00000170                ResetISR
                0x000001ec                NMI_Handler
                0x000001f4                HardFault_Handler
                0x000001fc                MemManage_Handler
                0x00000204                BusFault_Handler
                0x0000020c                UsageFault_Handler
                0x00000214                SVC_Handler
                0x0000021c                DebugMon_Handler
                0x00000224                PendSV_Handler
                0x0000022c                SysTick_Handler
                0x00000234                EINT3_IRQHandler
                0x00000234                CANActivity_IRQHandler
                0x00000234                TIMER3_IRQHandler
                0x00000234                UART0_IRQHandler
                0x00000234                UART1_IRQHandler
                0x00000234                EINT2_IRQHandler
                0x00000234                USBActivity_IRQHandler
                0x00000234                IntDefaultHandler
                0x00000234                PLL0_IRQHandler
                0x00000234                I2C0_IRQHandler
                0x00000234                I2C1_IRQHandler
                0x00000234                SSP0_IRQHandler
                0x00000234                I2S_IRQHandler
                0x00000234                I2C2_IRQHandler
                0x00000234                RTC_IRQHandler
                0x00000234                TIMER0_IRQHandler
                0x00000234                SPI_IRQHandler
                0x00000234                RIT_IRQHandler
                0x00000234                EINT1_IRQHandler
                0x00000234                TIMER1_IRQHandler
                0x00000234                UART2_IRQHandler
                0x00000234                ADC_IRQHandler
                0x00000234                SSP1_IRQHandler
                0x00000234                USB_IRQHandler
                0x00000234                BOD_IRQHandler
                0x00000234                PLL1_IRQHandler
                0x00000234                WDT_IRQHandler
                0x00000234                PWM1_IRQHandler
                0x00000234                QEI_IRQHandler
                0x00000234                EINT0_IRQHandler
                0x00000234                CAN_IRQHandler
                0x00000234                DMA_IRQHandler
                0x00000234                TIMER2_IRQHandler
                0x00000234                UART3_IRQHandler
                0x00000234                MCPWM_IRQHandler
                0x00000234                ENET_IRQHandler
                0x000002fc                        . = 0x2fc
 *fill*         0x0000023c       0xc0 ff
                0x000002fc                        PROVIDE (__CRP_WORD_START__ = .)
 *(.crp)
 .crp           0x000002fc        0x4 ./src/crp.o
                0x000002fc                CRP_WORD
                0x00000300                        PROVIDE (__CRP_WORD_END__ = .)
                0x00000001                        ASSERT (! ((__CRP_WORD_START__ == __CRP_WORD_END__)), Linker CRP Enabled, but no CRP_WORD provided within application)
 *(.text*)
 .text.capture_adc_dma
                0x00000300       0xb0 ./src/digital-osc.o
                0x00000300                capture_adc_dma
 .text.ADC0_Init
                0x000003b0       0x20 ./src/digital-osc.o
                0x000003b0                ADC0_Init
 .text.generate_triangle_in_memory
                0x000003d0       0x64 ./src/digital-osc.o
                0x000003d0                generate_triangle_in_memory
 .text.UART0_Init
                0x00000434       0x40 ./src/digital-osc.o
                0x00000434                UART0_Init
 .text.obtener_mediana_5
                0x00000474       0x7e ./src/digital-osc.o
                0x00000474                obtener_mediana_5
 *fill*         0x000004f2        0x2 ff
 .text.filtrar_ruido_adc
                0x000004f4       0x88 ./src/digital-osc.o
                0x000004f4                filtrar_ruido_adc
 .text.send_adc_data_ascii
                0x0000057c       0x94 ./src/digital-osc.o
                0x0000057c                send_adc_data_ascii
 .text.main     0x00000610       0x38 ./src/digital-osc.o
                0x00000610                main
 .text.SystemInit
                0x00000648       0xd8 C:\Users\benja\Documents\MCUXpressoIDE_25.6.136\workspace\CMSISv2p00_LPC17xx\Debug\libCMSISv2p00_LPC17xx.a(system_LPC17xx.o)
                0x00000648                SystemInit
 .text.ADC_Init
                0x00000720       0x50 C:\Users\benja\Documents\MCUXpressoIDE_25.6.136\workspace\CMSISv2p00_LPC17xx\Debug\libCMSISv2p00_LPC17xx.a(lpc17xx_adc.o)
                0x00000720                ADC_Init
 .text.ADC_PinConfig
                0x00000770       0xe8 C:\Users\benja\Documents\MCUXpressoIDE_25.6.136\workspace\CMSISv2p00_LPC17xx\Debug\libCMSISv2p00_LPC17xx.a(lpc17xx_adc.o)
                0x00000770                ADC_PinConfig
 .text.ADC_BurstEnable
                0x00000858       0x10 C:\Users\benja\Documents\MCUXpressoIDE_25.6.136\workspace\CMSISv2p00_LPC17xx\Debug\libCMSISv2p00_LPC17xx.a(lpc17xx_adc.o)
                0x00000858                ADC_BurstEnable
 .text.ADC_BurstDisable
                0x00000868       0x10 C:\Users\benja\Documents\MCUXpressoIDE_25.6.136\workspace\CMSISv2p00_LPC17xx\Debug\libCMSISv2p00_LPC17xx.a(lpc17xx_adc.o)
                0x00000868                ADC_BurstDisable
 .text.ADC_ChannelEnable
                0x00000878       0x28 C:\Users\benja\Documents\MCUXpressoIDE_25.6.136\workspace\CMSISv2p00_LPC17xx\Debug\libCMSISv2p00_LPC17xx.a(lpc17xx_adc.o)
                0x00000878                ADC_ChannelEnable
 .text.ADC_IntEnable
                0x000008a0       0x28 C:\Users\benja\Documents\MCUXpressoIDE_25.6.136\workspace\CMSISv2p00_LPC17xx\Debug\libCMSISv2p00_LPC17xx.a(lpc17xx_adc.o)
                0x000008a0                ADC_IntEnable
 .text.CLKPWR_GetPCLKSEL
                0x000008c8       0x20 C:\Users\benja\Documents\MCUXpressoIDE_25.6.136\workspace\CMSISv2p00_LPC17xx\Debug\libCMSISv2p00_LPC17xx.a(lpc17xx_clkpwr.o)
                0x000008c8                CLKPWR_GetPCLKSEL
 .text.CLKPWR_GetPCLK
                0x000008e8       0x24 C:\Users\benja\Documents\MCUXpressoIDE_25.6.136\workspace\CMSISv2p00_LPC17xx\Debug\libCMSISv2p00_LPC17xx.a(lpc17xx_clkpwr.o)
                0x000008e8                CLKPWR_GetPCLK
 .text.CLKPWR_ConfigPPWR
                0x0000090c       0x34 C:\Users\benja\Documents\MCUXpressoIDE_25.6.136\workspace\CMSISv2p00_LPC17xx\Debug\libCMSISv2p00_LPC17xx.a(lpc17xx_clkpwr.o)
                0x0000090c                CLKPWR_ConfigPPWR
 .text.GPDMA_Init
                0x00000940       0x3c C:\Users\benja\Documents\MCUXpressoIDE_25.6.136\workspace\CMSISv2p00_LPC17xx\Debug\libCMSISv2p00_LPC17xx.a(lpc17xx_gpdma.o)
                0x00000940                GPDMA_Init
 .text.GPDMA_SetupChannel
                0x0000097c      0x20c C:\Users\benja\Documents\MCUXpressoIDE_25.6.136\workspace\CMSISv2p00_LPC17xx\Debug\libCMSISv2p00_LPC17xx.a(lpc17xx_gpdma.o)
                0x0000097c                GPDMA_SetupChannel
 .text.GPDMA_ChannelStart
                0x00000b88       0x2c C:\Users\benja\Documents\MCUXpressoIDE_25.6.136\workspace\CMSISv2p00_LPC17xx\Debug\libCMSISv2p00_LPC17xx.a(lpc17xx_gpdma.o)
                0x00000b88                GPDMA_ChannelStart
 .text.GPDMA_IntGetStatus
                0x00000bb4       0x6c C:\Users\benja\Documents\MCUXpressoIDE_25.6.136\workspace\CMSISv2p00_LPC17xx\Debug\libCMSISv2p00_LPC17xx.a(lpc17xx_gpdma.o)
                0x00000bb4                GPDMA_IntGetStatus
 .text.GPDMA_ClearIntPending
                0x00000c20       0x4c C:\Users\benja\Documents\MCUXpressoIDE_25.6.136\workspace\CMSISv2p00_LPC17xx\Debug\libCMSISv2p00_LPC17xx.a(lpc17xx_gpdma.o)
                0x00000c20                GPDMA_ClearIntPending
 .text.check_failed
                0x00000c6c        0x2 C:\Users\benja\Documents\MCUXpressoIDE_25.6.136\workspace\CMSISv2p00_LPC17xx\Debug\libCMSISv2p00_LPC17xx.a(lpc17xx_libcfg_default.o)
                0x00000c6c                check_failed
 *fill*         0x00000c6e        0x2 ff
 .text.UART_PinConfig
                0x00000c70       0x28 C:\Users\benja\Documents\MCUXpressoIDE_25.6.136\workspace\CMSISv2p00_LPC17xx\Debug\libCMSISv2p00_LPC17xx.a(lpc17xx_uart.o)
                0x00000c70                UART_PinConfig
 .text.UART_Init
                0x00000c98      0x22c C:\Users\benja\Documents\MCUXpressoIDE_25.6.136\workspace\CMSISv2p00_LPC17xx\Debug\libCMSISv2p00_LPC17xx.a(lpc17xx_uart.o)
                0x00000c98                UART_Init
 .text.UART_SendByte
                0x00000ec4       0x3c C:\Users\benja\Documents\MCUXpressoIDE_25.6.136\workspace\CMSISv2p00_LPC17xx\Debug\libCMSISv2p00_LPC17xx.a(lpc17xx_uart.o)
                0x00000ec4                UART_SendByte
 .text.UART_Send
                0x00000f00       0x4e C:\Users\benja\Documents\MCUXpressoIDE_25.6.136\workspace\CMSISv2p00_LPC17xx\Debug\libCMSISv2p00_LPC17xx.a(lpc17xx_uart.o)
                0x00000f00                UART_Send
 *fill*         0x00000f4e        0x2 ff
 .text.UART_TxEnable
                0x00000f50       0x44 C:\Users\benja\Documents\MCUXpressoIDE_25.6.136\workspace\CMSISv2p00_LPC17xx\Debug\libCMSISv2p00_LPC17xx.a(lpc17xx_uart.o)
                0x00000f50                UART_TxEnable
 .text.PINSEL_ConfigPin
                0x00000f94       0xc8 C:\Users\benja\Documents\MCUXpressoIDE_25.6.136\workspace\CMSISv2p00_LPC17xx\Debug\libCMSISv2p00_LPC17xx.a(lpc17xx_pinsel.o)
                0x00000f94                PINSEL_ConfigPin
 .text.__main   0x0000105c        0xe C:/nxp/MCUXpressoIDE_25.6.136/ide/plugins/com.nxp.mcuxpresso.tools.win32_25.6.0.202501151204/tools/bin/../lib/gcc/arm-none-eabi/14.2.1/../../../../arm-none-eabi/lib/thumb/v7-m/nofp\libcr_semihost.a(_cr__main.o)
                0x0000105c                __CR_SEMIHOST
                0x0000105c                __main
 .text.fp_round
                0x0000106a       0x4c C:/nxp/MCUXpressoIDE_25.6.136/ide/plugins/com.nxp.mcuxpresso.tools.win32_25.6.0.202501151204/tools/bin/../lib/gcc/arm-none-eabi/14.2.1/../../../../arm-none-eabi/lib/thumb/v7-m/nofp\libcr_c.a(fpprintf.o)
 .text.pr_dec.constprop.0
                0x000010b6       0x24 C:/nxp/MCUXpressoIDE_25.6.136/ide/plugins/com.nxp.mcuxpresso.tools.win32_25.6.0.202501151204/tools/bin/../lib/gcc/arm-none-eabi/14.2.1/../../../../arm-none-eabi/lib/thumb/v7-m/nofp\libcr_c.a(fpprintf.o)
 *fill*         0x000010da        0x2 ff
 .text.sprintf  0x000010dc       0x6c C:/nxp/MCUXpressoIDE_25.6.136/ide/plugins/com.nxp.mcuxpresso.tools.win32_25.6.0.202501151204/tools/bin/../lib/gcc/arm-none-eabi/14.2.1/../../../../arm-none-eabi/lib/thumb/v7-m/nofp\libcr_c.a(fpprintf.o)
                0x000010dc                sprintf
 .text.fp_display
                0x00001148      0x98c C:/nxp/MCUXpressoIDE_25.6.136/ide/plugins/com.nxp.mcuxpresso.tools.win32_25.6.0.202501151204/tools/bin/../lib/gcc/arm-none-eabi/14.2.1/../../../../arm-none-eabi/lib/thumb/v7-m/nofp\libcr_c.a(fpprintf.o)
 .text._initio  0x00001ad4       0x78 C:/nxp/MCUXpressoIDE_25.6.136/ide/plugins/com.nxp.mcuxpresso.tools.win32_25.6.0.202501151204/tools/bin/../lib/gcc/arm-none-eabi/14.2.1/../../../../arm-none-eabi/lib/thumb/v7-m/nofp\libcr_c.a(initio.o)
                0x00001ad4                _initio
 .text.__vfprintf
                0x00001b4c      0xb64 C:/nxp/MCUXpressoIDE_25.6.136/ide/plugins/com.nxp.mcuxpresso.tools.win32_25.6.0.202501151204/tools/bin/../lib/gcc/arm-none-eabi/14.2.1/../../../../arm-none-eabi/lib/thumb/v7-m/nofp\libcr_c.a(printf.o)
                0x00001b4c                __vfprintf
 .text.setvbuf  0x000026b0       0x3e C:/nxp/MCUXpressoIDE_25.6.136/ide/plugins/com.nxp.mcuxpresso.tools.win32_25.6.0.202501151204/tools/bin/../lib/gcc/arm-none-eabi/14.2.1/../../../../arm-none-eabi/lib/thumb/v7-m/nofp\libcr_c.a(setvbuf.o)
                0x000026b0                setvbuf
 .text.strlen   0x000026ee       0x4e C:/nxp/MCUXpressoIDE_25.6.136/ide/plugins/com.nxp.mcuxpresso.tools.win32_25.6.0.202501151204/tools/bin/../lib/gcc/arm-none-eabi/14.2.1/../../../../arm-none-eabi/lib/thumb/v7-m/nofp\libcr_c.a(strlen.o)
                0x000026ee                strlen
 .text.memset   0x0000273c        0x4 C:/nxp/MCUXpressoIDE_25.6.136/ide/plugins/com.nxp.mcuxpresso.tools.win32_25.6.0.202501151204/tools/bin/../lib/gcc/arm-none-eabi/14.2.1/../../../../arm-none-eabi/lib/thumb/v7-m/nofp\libcr_c.a(memset.o)
                0x0000273c                memset
 .text._deferredlazyseek
                0x00002740       0x40 C:/nxp/MCUXpressoIDE_25.6.136/ide/plugins/com.nxp.mcuxpresso.tools.win32_25.6.0.202501151204/tools/bin/../lib/gcc/arm-none-eabi/14.2.1/../../../../arm-none-eabi/lib/thumb/v7-m/nofp\libcr_c.a(_deferredlazyseek.o)
                0x00002740                _deferredlazyseek
 .text.__flsbuf
                0x00002780      0x12a C:/nxp/MCUXpressoIDE_25.6.136/ide/plugins/com.nxp.mcuxpresso.tools.win32_25.6.0.202501151204/tools/bin/../lib/gcc/arm-none-eabi/14.2.1/../../../../arm-none-eabi/lib/thumb/v7-m/nofp\libcr_c.a(_deferredlazyseek.o)
                0x00002780                __flsbuf
 .text._fdopen  0x000028aa       0x68 C:/nxp/MCUXpressoIDE_25.6.136/ide/plugins/com.nxp.mcuxpresso.tools.win32_25.6.0.202501151204/tools/bin/../lib/gcc/arm-none-eabi/14.2.1/../../../../arm-none-eabi/lib/thumb/v7-m/nofp\libcr_c.a(_fdopen.o)
                0x000028aa                _fdopen
 .text._fflush  0x00002912       0x52 C:/nxp/MCUXpressoIDE_25.6.136/ide/plugins/com.nxp.mcuxpresso.tools.win32_25.6.0.202501151204/tools/bin/../lib/gcc/arm-none-eabi/14.2.1/../../../../arm-none-eabi/lib/thumb/v7-m/nofp\libcr_c.a(_fflush.o)
                0x00002912                _fflush
 .text._frexpl  0x00002964       0x5a C:/nxp/MCUXpressoIDE_25.6.136/ide/plugins/com.nxp.mcuxpresso.tools.win32_25.6.0.202501151204/tools/bin/../lib/gcc/arm-none-eabi/14.2.1/../../../../arm-none-eabi/lib/thumb/v7-m/nofp\libcr_c.a(_frexpl.o)
                0x00002964                _frexpl
 *fill*         0x000029be        0x2 ff
 .text._ldexpl  0x000029c0       0x48 C:/nxp/MCUXpressoIDE_25.6.136/ide/plugins/com.nxp.mcuxpresso.tools.win32_25.6.0.202501151204/tools/bin/../lib/gcc/arm-none-eabi/14.2.1/../../../../arm-none-eabi/lib/thumb/v7-m/nofp\libcr_c.a(_ldexpl.o)
                0x000029c0                _ldexpl
 .text._Cwritebuf
                0x00002a08       0x70 C:/nxp/MCUXpressoIDE_25.6.136/ide/plugins/com.nxp.mcuxpresso.tools.win32_25.6.0.202501151204/tools/bin/../lib/gcc/arm-none-eabi/14.2.1/../../../../arm-none-eabi/lib/thumb/v7-m/nofp\libcr_c.a(_writebuf.o)
                0x00002a08                _Cwritebuf
 .text.malloc   0x00002a78       0xc8 C:/nxp/MCUXpressoIDE_25.6.136/ide/plugins/com.nxp.mcuxpresso.tools.win32_25.6.0.202501151204/tools/bin/../lib/gcc/arm-none-eabi/14.2.1/../../../../arm-none-eabi/lib/thumb/v7-m/nofp\libcr_c.a(alloc.o)
                0x00002a78                malloc
 .text.free     0x00002b40       0x30 C:/nxp/MCUXpressoIDE_25.6.136/ide/plugins/com.nxp.mcuxpresso.tools.win32_25.6.0.202501151204/tools/bin/../lib/gcc/arm-none-eabi/14.2.1/../../../../arm-none-eabi/lib/thumb/v7-m/nofp\libcr_c.a(alloc.o)
                0x00002b40                free
 .text._Csys_alloc
                0x00002b70       0x20 C:/nxp/MCUXpressoIDE_25.6.136/ide/plugins/com.nxp.mcuxpresso.tools.win32_25.6.0.202501151204/tools/bin/../lib/gcc/arm-none-eabi/14.2.1/../../../../arm-none-eabi/lib/thumb/v7-m/nofp\libcr_c.a(alloc.o)
                0x00002b70                _Csys_alloc
 .text.fclose   0x00002b90       0x58 C:/nxp/MCUXpressoIDE_25.6.136/ide/plugins/com.nxp.mcuxpresso.tools.win32_25.6.0.202501151204/tools/bin/../lib/gcc/arm-none-eabi/14.2.1/../../../../arm-none-eabi/lib/thumb/v7-m/nofp\libcr_c.a(fclose.o)
                0x00002b90                fclose
 .text.fflush   0x00002be8       0x3c C:/nxp/MCUXpressoIDE_25.6.136/ide/plugins/com.nxp.mcuxpresso.tools.win32_25.6.0.202501151204/tools/bin/../lib/gcc/arm-none-eabi/14.2.1/../../../../arm-none-eabi/lib/thumb/v7-m/nofp\libcr_c.a(fflush.o)
                0x00002be8                fflush
 .text.fseek    0x00002c24       0xf8 C:/nxp/MCUXpressoIDE_25.6.136/ide/plugins/com.nxp.mcuxpresso.tools.win32_25.6.0.202501151204/tools/bin/../lib/gcc/arm-none-eabi/14.2.1/../../../../arm-none-eabi/lib/thumb/v7-m/nofp\libcr_c.a(fseek.o)
                0x00002c24                fseek
 .text.ftell    0x00002d1c       0x44 C:/nxp/MCUXpressoIDE_25.6.136/ide/plugins/com.nxp.mcuxpresso.tools.win32_25.6.0.202501151204/tools/bin/../lib/gcc/arm-none-eabi/14.2.1/../../../../arm-none-eabi/lib/thumb/v7-m/nofp\libcr_c.a(ftell.o)
                0x00002d1c                ftell
 .text.remove   0x00002d60       0x14 C:/nxp/MCUXpressoIDE_25.6.136/ide/plugins/com.nxp.mcuxpresso.tools.win32_25.6.0.202501151204/tools/bin/../lib/gcc/arm-none-eabi/14.2.1/../../../../arm-none-eabi/lib/thumb/v7-m/nofp\libcr_c.a(remove.o)
                0x00002d60                remove
 .text._sbrk    0x00002d74       0x3c C:/nxp/MCUXpressoIDE_25.6.136/ide/plugins/com.nxp.mcuxpresso.tools.win32_25.6.0.202501151204/tools/bin/../lib/gcc/arm-none-eabi/14.2.1/../../../../arm-none-eabi/lib/thumb/v7-m/nofp\libcr_c.a(_cr_sbrk.o)
                0x00002d74                _sbrk
 .text._do_fflush
                0x00002db0       0x40 C:/nxp/MCUXpressoIDE_25.6.136/ide/plugins/com.nxp.mcuxpresso.tools.win32_25.6.0.202501151204/tools/bin/../lib/gcc/arm-none-eabi/14.2.1/../../../../arm-none-eabi/lib/thumb/v7-m/nofp\libcr_c.a(_do_fflush.o)
                0x00002db0                _do_fflush
 .text.__check_heap_overflow
                0x00002df0       0x18 C:/nxp/MCUXpressoIDE_25.6.136/ide/plugins/com.nxp.mcuxpresso.tools.win32_25.6.0.202501151204/tools/bin/../lib/gcc/arm-none-eabi/14.2.1/../../../../arm-none-eabi/lib/thumb/v7-m/nofp\libcr_c.a(_cr_check_heap.o)
                0x00002df0                __check_heap_overflow
 .text.__aeabi_dmul
                0x00002e08       0xfc C:/nxp/MCUXpressoIDE_25.6.136/ide/plugins/com.nxp.mcuxpresso.tools.win32_25.6.0.202501151204/tools/bin/../lib/gcc/arm-none-eabi/14.2.1/thumb/v7-m/nofp\libcr_eabihelpers.a(double.o)
                0x00002e08                __aeabi_dmul
 .text.__aeabi_ddiv
                0x00002f04      0x134 C:/nxp/MCUXpressoIDE_25.6.136/ide/plugins/com.nxp.mcuxpresso.tools.win32_25.6.0.202501151204/tools/bin/../lib/gcc/arm-none-eabi/14.2.1/thumb/v7-m/nofp\libcr_eabihelpers.a(double.o)
                0x00002f04                __aeabi_ddiv
 .text.__aeabi_dsub
                0x00003038      0x1b4 C:/nxp/MCUXpressoIDE_25.6.136/ide/plugins/com.nxp.mcuxpresso.tools.win32_25.6.0.202501151204/tools/bin/../lib/gcc/arm-none-eabi/14.2.1/thumb/v7-m/nofp\libcr_eabihelpers.a(double.o)
                0x00003038                __aeabi_dsub
 .text.__aeabi_dadd
                0x000031ec      0x128 C:/nxp/MCUXpressoIDE_25.6.136/ide/plugins/com.nxp.mcuxpresso.tools.win32_25.6.0.202501151204/tools/bin/../lib/gcc/arm-none-eabi/14.2.1/thumb/v7-m/nofp\libcr_eabihelpers.a(double.o)
                0x000031ec                __aeabi_dadd
 .text.__aeabi_d2iz
                0x00003314       0x42 C:/nxp/MCUXpressoIDE_25.6.136/ide/plugins/com.nxp.mcuxpresso.tools.win32_25.6.0.202501151204/tools/bin/../lib/gcc/arm-none-eabi/14.2.1/thumb/v7-m/nofp\libcr_eabihelpers.a(double.o)
                0x00003314                __aeabi_d2iz
 .text.__bhs_ui2d
                0x00003356       0x46 C:/nxp/MCUXpressoIDE_25.6.136/ide/plugins/com.nxp.mcuxpresso.tools.win32_25.6.0.202501151204/tools/bin/../lib/gcc/arm-none-eabi/14.2.1/thumb/v7-m/nofp\libcr_eabihelpers.a(double.o)
                0x00003356                __bhs_ui2d
 .text.__aeabi_i2d
                0x0000339c       0x10 C:/nxp/MCUXpressoIDE_25.6.136/ide/plugins/com.nxp.mcuxpresso.tools.win32_25.6.0.202501151204/tools/bin/../lib/gcc/arm-none-eabi/14.2.1/thumb/v7-m/nofp\libcr_eabihelpers.a(double.o)
                0x0000339c                __aeabi_i2d
 .text.__aeabi_dcmpeq
                0x000033ac       0x30 C:/nxp/MCUXpressoIDE_25.6.136/ide/plugins/com.nxp.mcuxpresso.tools.win32_25.6.0.202501151204/tools/bin/../lib/gcc/arm-none-eabi/14.2.1/thumb/v7-m/nofp\libcr_eabihelpers.a(double.o)
                0x000033ac                __aeabi_dcmpeq
 .text.__aeabi_dcmplt
                0x000033dc       0x56 C:/nxp/MCUXpressoIDE_25.6.136/ide/plugins/com.nxp.mcuxpresso.tools.win32_25.6.0.202501151204/tools/bin/../lib/gcc/arm-none-eabi/14.2.1/thumb/v7-m/nofp\libcr_eabihelpers.a(double.o)
                0x000033dc                __aeabi_dcmplt
 .text.__aeabi_dcmple
                0x00003432       0x54 C:/nxp/MCUXpressoIDE_25.6.136/ide/plugins/com.nxp.mcuxpresso.tools.win32_25.6.0.202501151204/tools/bin/../lib/gcc/arm-none-eabi/14.2.1/thumb/v7-m/nofp\libcr_eabihelpers.a(double.o)
                0x00003432                __aeabi_dcmple
 .text.__aeabi_dcmpge
                0x00003486       0x5a C:/nxp/MCUXpressoIDE_25.6.136/ide/plugins/com.nxp.mcuxpresso.tools.win32_25.6.0.202501151204/tools/bin/../lib/gcc/arm-none-eabi/14.2.1/thumb/v7-m/nofp\libcr_eabihelpers.a(double.o)
                0x00003486                __aeabi_dcmpge
 .text.__aeabi_memset_lowlevel
                0x000034e0       0x32 C:/nxp/MCUXpressoIDE_25.6.136/ide/plugins/com.nxp.mcuxpresso.tools.win32_25.6.0.202501151204/tools/bin/../lib/gcc/arm-none-eabi/14.2.1/thumb/v7-m/nofp\libcr_eabihelpers.a(memcpy.o)
                0x000034e0                __aeabi_lowlevel_memset
 *fill*         0x00003512        0x2 ff
 .text.__sys_appexit
                0x00003514        0xc C:/nxp/MCUXpressoIDE_25.6.136/ide/plugins/com.nxp.mcuxpresso.tools.win32_25.6.0.202501151204/tools/bin/../lib/gcc/arm-none-eabi/14.2.1/../../../../arm-none-eabi/lib/thumb/v7-m/nofp\libcr_semihost.a(__sys_appexit.o)
                0x00003514                __sys_appexit
                0x00003514                __exit
 .text.__sys_close
                0x00003520        0xc C:/nxp/MCUXpressoIDE_25.6.136/ide/plugins/com.nxp.mcuxpresso.tools.win32_25.6.0.202501151204/tools/bin/../lib/gcc/arm-none-eabi/14.2.1/../../../../arm-none-eabi/lib/thumb/v7-m/nofp\libcr_semihost.a(__sys_close.o)
                0x00003520                __sys_close
 .text.__sys_flen
                0x0000352c        0xc C:/nxp/MCUXpressoIDE_25.6.136/ide/plugins/com.nxp.mcuxpresso.tools.win32_25.6.0.202501151204/tools/bin/../lib/gcc/arm-none-eabi/14.2.1/../../../../arm-none-eabi/lib/thumb/v7-m/nofp\libcr_semihost.a(__sys_flen.o)
                0x0000352c                __sys_flen
 .text.__sys_istty
                0x00003538        0xc C:/nxp/MCUXpressoIDE_25.6.136/ide/plugins/com.nxp.mcuxpresso.tools.win32_25.6.0.202501151204/tools/bin/../lib/gcc/arm-none-eabi/14.2.1/../../../../arm-none-eabi/lib/thumb/v7-m/nofp\libcr_semihost.a(__sys_istty.o)
                0x00003538                __sys_istty
 .text.__sys_remove
                0x00003544        0xc C:/nxp/MCUXpressoIDE_25.6.136/ide/plugins/com.nxp.mcuxpresso.tools.win32_25.6.0.202501151204/tools/bin/../lib/gcc/arm-none-eabi/14.2.1/../../../../arm-none-eabi/lib/thumb/v7-m/nofp\libcr_semihost.a(__sys_remove.o)
                0x00003544                __sys_remove
 .text.__sys_seek
                0x00003550        0xc C:/nxp/MCUXpressoIDE_25.6.136/ide/plugins/com.nxp.mcuxpresso.tools.win32_25.6.0.202501151204/tools/bin/../lib/gcc/arm-none-eabi/14.2.1/../../../../arm-none-eabi/lib/thumb/v7-m/nofp\libcr_semihost.a(__sys_seek.o)
                0x00003550                __sys_seek
 .text.__sys_tmpnam
                0x0000355c        0xc C:/nxp/MCUXpressoIDE_25.6.136/ide/plugins/com.nxp.mcuxpresso.tools.win32_25.6.0.202501151204/tools/bin/../lib/gcc/arm-none-eabi/14.2.1/../../../../arm-none-eabi/lib/thumb/v7-m/nofp\libcr_semihost.a(__sys_tmpnam.o)
                0x0000355c                __sys_tmpnam
 .text.__sys_write
                0x00003568        0xc C:/nxp/MCUXpressoIDE_25.6.136/ide/plugins/com.nxp.mcuxpresso.tools.win32_25.6.0.202501151204/tools/bin/../lib/gcc/arm-none-eabi/14.2.1/../../../../arm-none-eabi/lib/thumb/v7-m/nofp\libcr_semihost.a(__sys_write.o)
                0x00003568                __sys_write
 *(.rodata .rodata.* .constdata .constdata.*)
 .rodata.send_signal_ascii.str1.4
                0x00003574       0x31 ./src/digital-osc.o
                                  0x5 (size before relaxing)
 .rodata.send_adc_data_ascii.str1.4
                0x000035a5       0x29 ./src/digital-osc.o
 .rodata.ADC_Init.str1.1
                0x000035a5       0xbf C:\Users\benja\Documents\MCUXpressoIDE_25.6.136\workspace\CMSISv2p00_LPC17xx\Debug\libCMSISv2p00_LPC17xx.a(lpc17xx_adc.o)
                                  0xe (size before relaxing)
 .rodata.CSWTCH.5
                0x00003664        0x3 C:\Users\benja\Documents\MCUXpressoIDE_25.6.136\workspace\CMSISv2p00_LPC17xx\Debug\libCMSISv2p00_LPC17xx.a(lpc17xx_clkpwr.o)
 .rodata.GPDMA_SetupChannel.str1.1
                0x00003667       0x10 C:\Users\benja\Documents\MCUXpressoIDE_25.6.136\workspace\CMSISv2p00_LPC17xx\Debug\libCMSISv2p00_LPC17xx.a(lpc17xx_gpdma.o)
 .rodata.GPDMA_LUTPerWid
                0x00003667       0x18 C:\Users\benja\Documents\MCUXpressoIDE_25.6.136\workspace\CMSISv2p00_LPC17xx\Debug\libCMSISv2p00_LPC17xx.a(lpc17xx_gpdma.o)
                0x00003667                GPDMA_LUTPerWid
 .rodata.GPDMA_LUTPerBurst
                0x0000367f       0x18 C:\Users\benja\Documents\MCUXpressoIDE_25.6.136\workspace\CMSISv2p00_LPC17xx\Debug\libCMSISv2p00_LPC17xx.a(lpc17xx_gpdma.o)
                0x0000367f                GPDMA_LUTPerBurst
 *fill*         0x00003697        0x1 ff
 .rodata.GPDMA_LUTPerAddr
                0x00003698       0x60 C:\Users\benja\Documents\MCUXpressoIDE_25.6.136\workspace\CMSISv2p00_LPC17xx\Debug\libCMSISv2p00_LPC17xx.a(lpc17xx_gpdma.o)
                0x00003698                GPDMA_LUTPerAddr
 .rodata.UART_PinConfig.str1.1
                0x000036f8        0xf C:\Users\benja\Documents\MCUXpressoIDE_25.6.136\workspace\CMSISv2p00_LPC17xx\Debug\libCMSISv2p00_LPC17xx.a(lpc17xx_uart.o)
 .rodata.PinCfg.0
                0x000036f8       0x50 C:\Users\benja\Documents\MCUXpressoIDE_25.6.136\workspace\CMSISv2p00_LPC17xx\Debug\libCMSISv2p00_LPC17xx.a(lpc17xx_uart.o)
 .rodata.PINSEL_ConfigPin.str1.1
                0x00003748       0x11 C:\Users\benja\Documents\MCUXpressoIDE_25.6.136\workspace\CMSISv2p00_LPC17xx\Debug\libCMSISv2p00_LPC17xx.a(lpc17xx_pinsel.o)
 .rodata.fp_display.str1.1
                0x00003748       0x35 C:/nxp/MCUXpressoIDE_25.6.136/ide/plugins/com.nxp.mcuxpresso.tools.win32_25.6.0.202501151204/tools/bin/../lib/gcc/arm-none-eabi/14.2.1/../../../../arm-none-eabi/lib/thumb/v7-m/nofp\libcr_c.a(fpprintf.o)
 .rodata._initio.str1.1
                0x00003748        0x4 C:/nxp/MCUXpressoIDE_25.6.136/ide/plugins/com.nxp.mcuxpresso.tools.win32_25.6.0.202501151204/tools/bin/../lib/gcc/arm-none-eabi/14.2.1/../../../../arm-none-eabi/lib/thumb/v7-m/nofp\libcr_c.a(initio.o)
 .rodata.__vfprintf.str1.1
                0x00003748       0x38 C:/nxp/MCUXpressoIDE_25.6.136/ide/plugins/com.nxp.mcuxpresso.tools.win32_25.6.0.202501151204/tools/bin/../lib/gcc/arm-none-eabi/14.2.1/../../../../arm-none-eabi/lib/thumb/v7-m/nofp\libcr_c.a(printf.o)
 .rodata._Csys_alloc.str1.1
                0x00003748       0x18 C:/nxp/MCUXpressoIDE_25.6.136/ide/plugins/com.nxp.mcuxpresso.tools.win32_25.6.0.202501151204/tools/bin/../lib/gcc/arm-none-eabi/14.2.1/../../../../arm-none-eabi/lib/thumb/v7-m/nofp\libcr_c.a(alloc.o)
 .rodata.__num_Ciob_streams
                0x00003748        0x4 C:/nxp/MCUXpressoIDE_25.6.136/ide/plugins/com.nxp.mcuxpresso.tools.win32_25.6.0.202501151204/tools/bin/../lib/gcc/arm-none-eabi/14.2.1/../../../../arm-none-eabi/lib/thumb/v7-m/nofp\libcr_semihost.a(__ciob.o)
                0x00003748                __num_Ciob_streams
                0x00003780                        . = ALIGN (0x4)

.glue_7         0x0000374c        0x0
 .glue_7        0x0000374c        0x0 linker stubs

.glue_7t        0x0000374c        0x0
 .glue_7t       0x0000374c        0x0 linker stubs

.vfp11_veneer   0x0000374c        0x0
 .vfp11_veneer  0x0000374c        0x0 linker stubs

.v4_bx          0x0000374c        0x0
 .v4_bx         0x0000374c        0x0 linker stubs

.iplt           0x0000374c        0x0
 .iplt          0x0000374c        0x0 ./src/cr_startup_lpc175x_6x.o

.rel.dyn        0x0000374c        0x0
 .rel.iplt      0x0000374c        0x0 ./src/cr_startup_lpc175x_6x.o

.ARM.extab
 *(.ARM.extab* .gnu.linkonce.armextab.*)

.ARM.exidx      0x0000374c        0x0
                0x0000374c                        __exidx_start = .
 *(.ARM.exidx* .gnu.linkonce.armexidx.*)
                0x0000374c                        __exidx_end = .
                0x0000374c                        _etext = .

.data_RAM2      0x2007c000        0x0 load address 0x0000374c
 FILL mask 0xff
                [!provide]                        PROVIDE (__start_data_RAM2 = .)
                [!provide]                        PROVIDE (__start_data_RamAHB32 = .)
 *(.ramfunc.$RAM2)
 *(.ramfunc.$RamAHB32)
 *(.data.$RAM2)
 *(.data.$RamAHB32)
 *(.data.$RAM2.*)
 *(.data.$RamAHB32.*)
                0x2007c000                        . = ALIGN (0x4)
                [!provide]                        PROVIDE (__end_data_RAM2 = .)
                [!provide]                        PROVIDE (__end_data_RamAHB32 = .)

.uninit_RESERVED
                0x10000000        0x0
                0x10000000                        _start_uninit_RESERVED = .
 *(.bss.$RESERVED*)
                0x10000000                        . = ALIGN (0x4)
                0x10000000                        _end_uninit_RESERVED = .

.data           0x10000000       0x24 load address 0x0000374c
 FILL mask 0xff
                0x10000000                        _data = .
                [!provide]                        PROVIDE (__start_data_RAM = .)
                [!provide]                        PROVIDE (__start_data_RamLoc32 = .)
 *(vtable)
 *(.ramfunc*)
 *(CodeQuickAccess)
 *(DataQuickAccess)
 *(RamFunction)
 *(.data*)
 .data.SystemCoreClock
                0x10000000        0x4 C:\Users\benja\Documents\MCUXpressoIDE_25.6.136\workspace\CMSISv2p00_LPC17xx\Debug\libCMSISv2p00_LPC17xx.a(system_LPC17xx.o)
                0x10000000                SystemCoreClock
 .data.pGPDMACh
                0x10000004       0x20 C:\Users\benja\Documents\MCUXpressoIDE_25.6.136\workspace\CMSISv2p00_LPC17xx\Debug\libCMSISv2p00_LPC17xx.a(lpc17xx_gpdma.o)
                0x10000004                pGPDMACh
                0x10000024                        . = ALIGN (0x4)
                0x10000024                        _edata = .
                [!provide]                        PROVIDE (__end_data_RAM = .)
                [!provide]                        PROVIDE (__end_data_RamLoc32 = .)

.igot.plt       0x10000024        0x0 load address 0x00003770
 .igot.plt      0x10000024        0x0 ./src/cr_startup_lpc175x_6x.o

.bss_RAM2       0x2007c000        0x0
                [!provide]                        PROVIDE (__start_bss_RAM2 = .)
                [!provide]                        PROVIDE (__start_bss_RamAHB32 = .)
 *(.bss.$RAM2)
 *(.bss.$RamAHB32)
 *(.bss.$RAM2.*)
 *(.bss.$RamAHB32.*)
                0x2007c000                        . = ALIGN ((. != 0x0)?0x4:0x1)
                [!provide]                        PROVIDE (__end_bss_RAM2 = .)
                [!provide]                        PROVIDE (__end_bss_RamAHB32 = .)

.bss            0x10000024     0x4744
                0x10000024                        _bss = .
                [!provide]                        PROVIDE (__start_bss_RAM = .)
                [!provide]                        PROVIDE (__start_bss_RamLoc32 = .)
 *(.bss*)
 .bss.filtered_buffer
                0x10000024      0x333 ./src/digital-osc.o
                0x10000024                filtered_buffer
 *fill*         0x10000357        0x1 
 .bss.triangle_buffer
                0x10000358      0x1fe ./src/digital-osc.o
                0x10000358                triangle_buffer
 *fill*         0x10000556        0x2 
 .bss.adc_buffer
                0x10000558     0x3ffc ./src/digital-osc.o
                0x10000558                adc_buffer
 .bss.dma_done  0x10004554        0x1 ./src/digital-osc.o
                0x10004554                dma_done
 *fill*         0x10004555        0x3 
 .bss.GPDMACfg.0
                0x10004558       0x24 ./src/digital-osc.o
 .bss.errno     0x1000457c        0x4 C:/nxp/MCUXpressoIDE_25.6.136/ide/plugins/com.nxp.mcuxpresso.tools.win32_25.6.0.202501151204/tools/bin/../lib/gcc/arm-none-eabi/14.2.1/../../../../arm-none-eabi/lib/thumb/v7-m/nofp\libcr_c.a(errno.o)
                0x1000457c                errno
 .bss.__end_of_heap
                0x10004580        0x4 C:/nxp/MCUXpressoIDE_25.6.136/ide/plugins/com.nxp.mcuxpresso.tools.win32_25.6.0.202501151204/tools/bin/../lib/gcc/arm-none-eabi/14.2.1/../../../../arm-none-eabi/lib/thumb/v7-m/nofp\libcr_c.a(__init_alloc.o)
                0x10004580                __end_of_heap
 .bss.__heaps   0x10004584        0x4 C:/nxp/MCUXpressoIDE_25.6.136/ide/plugins/com.nxp.mcuxpresso.tools.win32_25.6.0.202501151204/tools/bin/../lib/gcc/arm-none-eabi/14.2.1/../../../../arm-none-eabi/lib/thumb/v7-m/nofp\libcr_c.a(__init_alloc.o)
                0x10004584                __heaps
 .bss.__Ciob    0x10004588      0x1e0 C:/nxp/MCUXpressoIDE_25.6.136/ide/plugins/com.nxp.mcuxpresso.tools.win32_25.6.0.202501151204/tools/bin/../lib/gcc/arm-none-eabi/14.2.1/../../../../arm-none-eabi/lib/thumb/v7-m/nofp\libcr_semihost.a(__ciob.o)
                0x10004588                __Ciob
 *(COMMON)
                0x10004768                        . = ALIGN (0x4)
                0x10004768                        _ebss = .
                [!provide]                        PROVIDE (__end_bss_RAM = .)
                [!provide]                        PROVIDE (__end_bss_RamLoc32 = .)
                [!provide]                        PROVIDE (end = .)

.noinit_RAM2    0x2007c000        0x0
                [!provide]                        PROVIDE (__start_noinit_RAM2 = .)
                [!provide]                        PROVIDE (__start_noinit_RamAHB32 = .)
 *(.noinit.$RAM2)
 *(.noinit.$RamAHB32)
 *(.noinit.$RAM2.*)
 *(.noinit.$RamAHB32.*)
                0x2007c000                        . = ALIGN (0x4)
                [!provide]                        PROVIDE (__end_noinit_RAM2 = .)
                [!provide]                        PROVIDE (__end_noinit_RamAHB32 = .)

.noinit         0x10004768        0x0
                0x10004768                        _noinit = .
                [!provide]                        PROVIDE (__start_noinit_RAM = .)
                [!provide]                        PROVIDE (__start_noinit_RamLoc32 = .)
 *(.noinit*)
                0x10004768                        . = ALIGN (0x4)
                0x10004768                        _end_noinit = .
                [!provide]                        PROVIDE (__end_noinit_RAM = .)
                [!provide]                        PROVIDE (__end_noinit_RamLoc32 = .)
                0x10004768                        PROVIDE (_pvHeapStart = DEFINED (__user_heap_base)?__user_heap_base:.)
                0x10008000                        PROVIDE (_vStackTop = DEFINED (__user_stack_top)?__user_stack_top:(__top_RamLoc32 - 0x0))
                0xefff749e                        PROVIDE (__valid_user_code_checksum = (0x0 - ((((((_vStackTop + (ResetISR + 0x1)) + (NMI_Handler + 0x1)) + (HardFault_Handler + 0x1)) + (DEFINED (MemManage_Handler)?MemManage_Handler:0x0 + 0x1)) + (DEFINED (BusFault_Handler)?BusFault_Handler:0x0 + 0x1)) + (DEFINED (UsageFault_Handler)?UsageFault_Handler:0x0 + 0x1))))
                0x00000000                        _image_start = LOADADDR (.text)
                0x00003770                        _image_end = (LOADADDR (.data) + SIZEOF (.data))
                0x00003770                        _image_size = (_image_end - _image_start)
OUTPUT(digital-osc.axf elf32-littlearm)
LOAD linker stubs

.debug_info     0x00000000     0xd6f6
 .debug_info    0x00000000      0x2a5 ./src/cr_startup_lpc175x_6x.o
 .debug_info    0x000002a5       0x40 ./src/crp.o
 .debug_info    0x000002e5      0xeef ./src/digital-osc.o
 .debug_info    0x000011d4      0x347 C:\Users\benja\Documents\MCUXpressoIDE_25.6.136\workspace\CMSISv2p00_LPC17xx\Debug\libCMSISv2p00_LPC17xx.a(system_LPC17xx.o)
 .debug_info    0x0000151b      0x930 C:\Users\benja\Documents\MCUXpressoIDE_25.6.136\workspace\CMSISv2p00_LPC17xx\Debug\libCMSISv2p00_LPC17xx.a(lpc17xx_adc.o)
 .debug_info    0x00001e4b      0x6ca C:\Users\benja\Documents\MCUXpressoIDE_25.6.136\workspace\CMSISv2p00_LPC17xx\Debug\libCMSISv2p00_LPC17xx.a(lpc17xx_clkpwr.o)
 .debug_info    0x00002515     0x17ce C:\Users\benja\Documents\MCUXpressoIDE_25.6.136\workspace\CMSISv2p00_LPC17xx\Debug\libCMSISv2p00_LPC17xx.a(lpc17xx_gpdma.o)
 .debug_info    0x00003ce3       0xd4 C:\Users\benja\Documents\MCUXpressoIDE_25.6.136\workspace\CMSISv2p00_LPC17xx\Debug\libCMSISv2p00_LPC17xx.a(lpc17xx_libcfg_default.o)
 .debug_info    0x00003db7     0x1c17 C:\Users\benja\Documents\MCUXpressoIDE_25.6.136\workspace\CMSISv2p00_LPC17xx\Debug\libCMSISv2p00_LPC17xx.a(lpc17xx_uart.o)
 .debug_info    0x000059ce      0x8ab C:\Users\benja\Documents\MCUXpressoIDE_25.6.136\workspace\CMSISv2p00_LPC17xx\Debug\libCMSISv2p00_LPC17xx.a(lpc17xx_pinsel.o)
 .debug_info    0x00006279       0x85 C:/nxp/MCUXpressoIDE_25.6.136/ide/plugins/com.nxp.mcuxpresso.tools.win32_25.6.0.202501151204/tools/bin/../lib/gcc/arm-none-eabi/14.2.1/../../../../arm-none-eabi/lib/thumb/v7-m/nofp\libcr_semihost.a(_cr__main.o)
 .debug_info    0x000062fe     0x157e C:/nxp/MCUXpressoIDE_25.6.136/ide/plugins/com.nxp.mcuxpresso.tools.win32_25.6.0.202501151204/tools/bin/../lib/gcc/arm-none-eabi/14.2.1/../../../../arm-none-eabi/lib/thumb/v7-m/nofp\libcr_c.a(fpprintf.o)
 .debug_info    0x0000787c      0x339 C:/nxp/MCUXpressoIDE_25.6.136/ide/plugins/com.nxp.mcuxpresso.tools.win32_25.6.0.202501151204/tools/bin/../lib/gcc/arm-none-eabi/14.2.1/../../../../arm-none-eabi/lib/thumb/v7-m/nofp\libcr_c.a(initio.o)
 .debug_info    0x00007bb5     0x1296 C:/nxp/MCUXpressoIDE_25.6.136/ide/plugins/com.nxp.mcuxpresso.tools.win32_25.6.0.202501151204/tools/bin/../lib/gcc/arm-none-eabi/14.2.1/../../../../arm-none-eabi/lib/thumb/v7-m/nofp\libcr_c.a(printf.o)
 .debug_info    0x00008e4b      0x1fd C:/nxp/MCUXpressoIDE_25.6.136/ide/plugins/com.nxp.mcuxpresso.tools.win32_25.6.0.202501151204/tools/bin/../lib/gcc/arm-none-eabi/14.2.1/../../../../arm-none-eabi/lib/thumb/v7-m/nofp\libcr_c.a(setvbuf.o)
 .debug_info    0x00009048       0xe1 C:/nxp/MCUXpressoIDE_25.6.136/ide/plugins/com.nxp.mcuxpresso.tools.win32_25.6.0.202501151204/tools/bin/../lib/gcc/arm-none-eabi/14.2.1/../../../../arm-none-eabi/lib/thumb/v7-m/nofp\libcr_c.a(strlen.o)
 .debug_info    0x00009129       0xfc C:/nxp/MCUXpressoIDE_25.6.136/ide/plugins/com.nxp.mcuxpresso.tools.win32_25.6.0.202501151204/tools/bin/../lib/gcc/arm-none-eabi/14.2.1/../../../../arm-none-eabi/lib/thumb/v7-m/nofp\libcr_c.a(memset.o)
 .debug_info    0x00009225      0x396 C:/nxp/MCUXpressoIDE_25.6.136/ide/plugins/com.nxp.mcuxpresso.tools.win32_25.6.0.202501151204/tools/bin/../lib/gcc/arm-none-eabi/14.2.1/../../../../arm-none-eabi/lib/thumb/v7-m/nofp\libcr_c.a(_deferredlazyseek.o)
 .debug_info    0x000095bb      0x24b C:/nxp/MCUXpressoIDE_25.6.136/ide/plugins/com.nxp.mcuxpresso.tools.win32_25.6.0.202501151204/tools/bin/../lib/gcc/arm-none-eabi/14.2.1/../../../../arm-none-eabi/lib/thumb/v7-m/nofp\libcr_c.a(_fdopen.o)
 .debug_info    0x00009806      0x1e3 C:/nxp/MCUXpressoIDE_25.6.136/ide/plugins/com.nxp.mcuxpresso.tools.win32_25.6.0.202501151204/tools/bin/../lib/gcc/arm-none-eabi/14.2.1/../../../../arm-none-eabi/lib/thumb/v7-m/nofp\libcr_c.a(_fflush.o)
 .debug_info    0x000099e9      0x15e C:/nxp/MCUXpressoIDE_25.6.136/ide/plugins/com.nxp.mcuxpresso.tools.win32_25.6.0.202501151204/tools/bin/../lib/gcc/arm-none-eabi/14.2.1/../../../../arm-none-eabi/lib/thumb/v7-m/nofp\libcr_c.a(_frexpl.o)
 .debug_info    0x00009b47      0x146 C:/nxp/MCUXpressoIDE_25.6.136/ide/plugins/com.nxp.mcuxpresso.tools.win32_25.6.0.202501151204/tools/bin/../lib/gcc/arm-none-eabi/14.2.1/../../../../arm-none-eabi/lib/thumb/v7-m/nofp\libcr_c.a(_ldexpl.o)
 .debug_info    0x00009c8d      0x289 C:/nxp/MCUXpressoIDE_25.6.136/ide/plugins/com.nxp.mcuxpresso.tools.win32_25.6.0.202501151204/tools/bin/../lib/gcc/arm-none-eabi/14.2.1/../../../../arm-none-eabi/lib/thumb/v7-m/nofp\libcr_c.a(_writebuf.o)
 .debug_info    0x00009f16      0x520 C:/nxp/MCUXpressoIDE_25.6.136/ide/plugins/com.nxp.mcuxpresso.tools.win32_25.6.0.202501151204/tools/bin/../lib/gcc/arm-none-eabi/14.2.1/../../../../arm-none-eabi/lib/thumb/v7-m/nofp\libcr_c.a(alloc.o)
 .debug_info    0x0000a436       0x44 C:/nxp/MCUXpressoIDE_25.6.136/ide/plugins/com.nxp.mcuxpresso.tools.win32_25.6.0.202501151204/tools/bin/../lib/gcc/arm-none-eabi/14.2.1/../../../../arm-none-eabi/lib/thumb/v7-m/nofp\libcr_c.a(errno.o)
 .debug_info    0x0000a47a      0x31e C:/nxp/MCUXpressoIDE_25.6.136/ide/plugins/com.nxp.mcuxpresso.tools.win32_25.6.0.202501151204/tools/bin/../lib/gcc/arm-none-eabi/14.2.1/../../../../arm-none-eabi/lib/thumb/v7-m/nofp\libcr_c.a(fclose.o)
 .debug_info    0x0000a798      0x209 C:/nxp/MCUXpressoIDE_25.6.136/ide/plugins/com.nxp.mcuxpresso.tools.win32_25.6.0.202501151204/tools/bin/../lib/gcc/arm-none-eabi/14.2.1/../../../../arm-none-eabi/lib/thumb/v7-m/nofp\libcr_c.a(fflush.o)
 .debug_info    0x0000a9a1      0x276 C:/nxp/MCUXpressoIDE_25.6.136/ide/plugins/com.nxp.mcuxpresso.tools.win32_25.6.0.202501151204/tools/bin/../lib/gcc/arm-none-eabi/14.2.1/../../../../arm-none-eabi/lib/thumb/v7-m/nofp\libcr_c.a(fseek.o)
 .debug_info    0x0000ac17      0x197 C:/nxp/MCUXpressoIDE_25.6.136/ide/plugins/com.nxp.mcuxpresso.tools.win32_25.6.0.202501151204/tools/bin/../lib/gcc/arm-none-eabi/14.2.1/../../../../arm-none-eabi/lib/thumb/v7-m/nofp\libcr_c.a(ftell.o)
 .debug_info    0x0000adae      0x1d7 C:/nxp/MCUXpressoIDE_25.6.136/ide/plugins/com.nxp.mcuxpresso.tools.win32_25.6.0.202501151204/tools/bin/../lib/gcc/arm-none-eabi/14.2.1/../../../../arm-none-eabi/lib/thumb/v7-m/nofp\libcr_c.a(remove.o)
 .debug_info    0x0000af85       0xd4 C:/nxp/MCUXpressoIDE_25.6.136/ide/plugins/com.nxp.mcuxpresso.tools.win32_25.6.0.202501151204/tools/bin/../lib/gcc/arm-none-eabi/14.2.1/../../../../arm-none-eabi/lib/thumb/v7-m/nofp\libcr_c.a(__init_alloc.o)
 .debug_info    0x0000b059      0x107 C:/nxp/MCUXpressoIDE_25.6.136/ide/plugins/com.nxp.mcuxpresso.tools.win32_25.6.0.202501151204/tools/bin/../lib/gcc/arm-none-eabi/14.2.1/../../../../arm-none-eabi/lib/thumb/v7-m/nofp\libcr_c.a(_cr_sbrk.o)
 .debug_info    0x0000b160      0x23a C:/nxp/MCUXpressoIDE_25.6.136/ide/plugins/com.nxp.mcuxpresso.tools.win32_25.6.0.202501151204/tools/bin/../lib/gcc/arm-none-eabi/14.2.1/../../../../arm-none-eabi/lib/thumb/v7-m/nofp\libcr_c.a(_do_fflush.o)
 .debug_info    0x0000b39a       0x78 C:/nxp/MCUXpressoIDE_25.6.136/ide/plugins/com.nxp.mcuxpresso.tools.win32_25.6.0.202501151204/tools/bin/../lib/gcc/arm-none-eabi/14.2.1/../../../../arm-none-eabi/lib/thumb/v7-m/nofp\libcr_c.a(_cr_check_heap.o)
 .debug_info    0x0000b412     0x2159 C:/nxp/MCUXpressoIDE_25.6.136/ide/plugins/com.nxp.mcuxpresso.tools.win32_25.6.0.202501151204/tools/bin/../lib/gcc/arm-none-eabi/14.2.1/thumb/v7-m/nofp\libcr_eabihelpers.a(double.o)
 .debug_info    0x0000d56b      0x18b C:/nxp/MCUXpressoIDE_25.6.136/ide/plugins/com.nxp.mcuxpresso.tools.win32_25.6.0.202501151204/tools/bin/../lib/gcc/arm-none-eabi/14.2.1/../../../../arm-none-eabi/lib/thumb/v7-m/nofp\libcr_semihost.a(__ciob.o)

.debug_abbrev   0x00000000     0x34e2
 .debug_abbrev  0x00000000      0x14d ./src/cr_startup_lpc175x_6x.o
 .debug_abbrev  0x0000014d       0x38 ./src/crp.o
 .debug_abbrev  0x00000185      0x2e9 ./src/digital-osc.o
 .debug_abbrev  0x0000046e      0x10e C:\Users\benja\Documents\MCUXpressoIDE_25.6.136\workspace\CMSISv2p00_LPC17xx\Debug\libCMSISv2p00_LPC17xx.a(system_LPC17xx.o)
 .debug_abbrev  0x0000057c      0x205 C:\Users\benja\Documents\MCUXpressoIDE_25.6.136\workspace\CMSISv2p00_LPC17xx\Debug\libCMSISv2p00_LPC17xx.a(lpc17xx_adc.o)
 .debug_abbrev  0x00000781      0x202 C:\Users\benja\Documents\MCUXpressoIDE_25.6.136\workspace\CMSISv2p00_LPC17xx\Debug\libCMSISv2p00_LPC17xx.a(lpc17xx_clkpwr.o)
 .debug_abbrev  0x00000983      0x31e C:\Users\benja\Documents\MCUXpressoIDE_25.6.136\workspace\CMSISv2p00_LPC17xx\Debug\libCMSISv2p00_LPC17xx.a(lpc17xx_gpdma.o)
 .debug_abbrev  0x00000ca1       0x75 C:\Users\benja\Documents\MCUXpressoIDE_25.6.136\workspace\CMSISv2p00_LPC17xx\Debug\libCMSISv2p00_LPC17xx.a(lpc17xx_libcfg_default.o)
 .debug_abbrev  0x00000d16      0x34d C:\Users\benja\Documents\MCUXpressoIDE_25.6.136\workspace\CMSISv2p00_LPC17xx\Debug\libCMSISv2p00_LPC17xx.a(lpc17xx_uart.o)
 .debug_abbrev  0x00001063      0x20b C:\Users\benja\Documents\MCUXpressoIDE_25.6.136\workspace\CMSISv2p00_LPC17xx\Debug\libCMSISv2p00_LPC17xx.a(lpc17xx_pinsel.o)
 .debug_abbrev  0x0000126e       0x70 C:/nxp/MCUXpressoIDE_25.6.136/ide/plugins/com.nxp.mcuxpresso.tools.win32_25.6.0.202501151204/tools/bin/../lib/gcc/arm-none-eabi/14.2.1/../../../../arm-none-eabi/lib/thumb/v7-m/nofp\libcr_semihost.a(_cr__main.o)
 .debug_abbrev  0x000012de      0x46c C:/nxp/MCUXpressoIDE_25.6.136/ide/plugins/com.nxp.mcuxpresso.tools.win32_25.6.0.202501151204/tools/bin/../lib/gcc/arm-none-eabi/14.2.1/../../../../arm-none-eabi/lib/thumb/v7-m/nofp\libcr_c.a(fpprintf.o)
 .debug_abbrev  0x0000174a      0x169 C:/nxp/MCUXpressoIDE_25.6.136/ide/plugins/com.nxp.mcuxpresso.tools.win32_25.6.0.202501151204/tools/bin/../lib/gcc/arm-none-eabi/14.2.1/../../../../arm-none-eabi/lib/thumb/v7-m/nofp\libcr_c.a(initio.o)
 .debug_abbrev  0x000018b3      0x3ba C:/nxp/MCUXpressoIDE_25.6.136/ide/plugins/com.nxp.mcuxpresso.tools.win32_25.6.0.202501151204/tools/bin/../lib/gcc/arm-none-eabi/14.2.1/../../../../arm-none-eabi/lib/thumb/v7-m/nofp\libcr_c.a(printf.o)
 .debug_abbrev  0x00001c6d       0xe1 C:/nxp/MCUXpressoIDE_25.6.136/ide/plugins/com.nxp.mcuxpresso.tools.win32_25.6.0.202501151204/tools/bin/../lib/gcc/arm-none-eabi/14.2.1/../../../../arm-none-eabi/lib/thumb/v7-m/nofp\libcr_c.a(setvbuf.o)
 .debug_abbrev  0x00001d4e       0xa7 C:/nxp/MCUXpressoIDE_25.6.136/ide/plugins/com.nxp.mcuxpresso.tools.win32_25.6.0.202501151204/tools/bin/../lib/gcc/arm-none-eabi/14.2.1/../../../../arm-none-eabi/lib/thumb/v7-m/nofp\libcr_c.a(strlen.o)
 .debug_abbrev  0x00001df5       0xa8 C:/nxp/MCUXpressoIDE_25.6.136/ide/plugins/com.nxp.mcuxpresso.tools.win32_25.6.0.202501151204/tools/bin/../lib/gcc/arm-none-eabi/14.2.1/../../../../arm-none-eabi/lib/thumb/v7-m/nofp\libcr_c.a(memset.o)
 .debug_abbrev  0x00001e9d      0x18e C:/nxp/MCUXpressoIDE_25.6.136/ide/plugins/com.nxp.mcuxpresso.tools.win32_25.6.0.202501151204/tools/bin/../lib/gcc/arm-none-eabi/14.2.1/../../../../arm-none-eabi/lib/thumb/v7-m/nofp\libcr_c.a(_deferredlazyseek.o)
 .debug_abbrev  0x0000202b      0x119 C:/nxp/MCUXpressoIDE_25.6.136/ide/plugins/com.nxp.mcuxpresso.tools.win32_25.6.0.202501151204/tools/bin/../lib/gcc/arm-none-eabi/14.2.1/../../../../arm-none-eabi/lib/thumb/v7-m/nofp\libcr_c.a(_fdopen.o)
 .debug_abbrev  0x00002144       0xf1 C:/nxp/MCUXpressoIDE_25.6.136/ide/plugins/com.nxp.mcuxpresso.tools.win32_25.6.0.202501151204/tools/bin/../lib/gcc/arm-none-eabi/14.2.1/../../../../arm-none-eabi/lib/thumb/v7-m/nofp\libcr_c.a(_fflush.o)
 .debug_abbrev  0x00002235      0x123 C:/nxp/MCUXpressoIDE_25.6.136/ide/plugins/com.nxp.mcuxpresso.tools.win32_25.6.0.202501151204/tools/bin/../lib/gcc/arm-none-eabi/14.2.1/../../../../arm-none-eabi/lib/thumb/v7-m/nofp\libcr_c.a(_frexpl.o)
 .debug_abbrev  0x00002358      0x115 C:/nxp/MCUXpressoIDE_25.6.136/ide/plugins/com.nxp.mcuxpresso.tools.win32_25.6.0.202501151204/tools/bin/../lib/gcc/arm-none-eabi/14.2.1/../../../../arm-none-eabi/lib/thumb/v7-m/nofp\libcr_c.a(_ldexpl.o)
 .debug_abbrev  0x0000246d      0x126 C:/nxp/MCUXpressoIDE_25.6.136/ide/plugins/com.nxp.mcuxpresso.tools.win32_25.6.0.202501151204/tools/bin/../lib/gcc/arm-none-eabi/14.2.1/../../../../arm-none-eabi/lib/thumb/v7-m/nofp\libcr_c.a(_writebuf.o)
 .debug_abbrev  0x00002593      0x284 C:/nxp/MCUXpressoIDE_25.6.136/ide/plugins/com.nxp.mcuxpresso.tools.win32_25.6.0.202501151204/tools/bin/../lib/gcc/arm-none-eabi/14.2.1/../../../../arm-none-eabi/lib/thumb/v7-m/nofp\libcr_c.a(alloc.o)
 .debug_abbrev  0x00002817       0x44 C:/nxp/MCUXpressoIDE_25.6.136/ide/plugins/com.nxp.mcuxpresso.tools.win32_25.6.0.202501151204/tools/bin/../lib/gcc/arm-none-eabi/14.2.1/../../../../arm-none-eabi/lib/thumb/v7-m/nofp\libcr_c.a(errno.o)
 .debug_abbrev  0x0000285b      0x158 C:/nxp/MCUXpressoIDE_25.6.136/ide/plugins/com.nxp.mcuxpresso.tools.win32_25.6.0.202501151204/tools/bin/../lib/gcc/arm-none-eabi/14.2.1/../../../../arm-none-eabi/lib/thumb/v7-m/nofp\libcr_c.a(fclose.o)
 .debug_abbrev  0x000029b3      0x125 C:/nxp/MCUXpressoIDE_25.6.136/ide/plugins/com.nxp.mcuxpresso.tools.win32_25.6.0.202501151204/tools/bin/../lib/gcc/arm-none-eabi/14.2.1/../../../../arm-none-eabi/lib/thumb/v7-m/nofp\libcr_c.a(fflush.o)
 .debug_abbrev  0x00002ad8      0x11b C:/nxp/MCUXpressoIDE_25.6.136/ide/plugins/com.nxp.mcuxpresso.tools.win32_25.6.0.202501151204/tools/bin/../lib/gcc/arm-none-eabi/14.2.1/../../../../arm-none-eabi/lib/thumb/v7-m/nofp\libcr_c.a(fseek.o)
 .debug_abbrev  0x00002bf3       0xc2 C:/nxp/MCUXpressoIDE_25.6.136/ide/plugins/com.nxp.mcuxpresso.tools.win32_25.6.0.202501151204/tools/bin/../lib/gcc/arm-none-eabi/14.2.1/../../../../arm-none-eabi/lib/thumb/v7-m/nofp\libcr_c.a(ftell.o)
 .debug_abbrev  0x00002cb5       0xfb C:/nxp/MCUXpressoIDE_25.6.136/ide/plugins/com.nxp.mcuxpresso.tools.win32_25.6.0.202501151204/tools/bin/../lib/gcc/arm-none-eabi/14.2.1/../../../../arm-none-eabi/lib/thumb/v7-m/nofp\libcr_c.a(remove.o)
 .debug_abbrev  0x00002db0       0xaf C:/nxp/MCUXpressoIDE_25.6.136/ide/plugins/com.nxp.mcuxpresso.tools.win32_25.6.0.202501151204/tools/bin/../lib/gcc/arm-none-eabi/14.2.1/../../../../arm-none-eabi/lib/thumb/v7-m/nofp\libcr_c.a(__init_alloc.o)
 .debug_abbrev  0x00002e5f       0xd3 C:/nxp/MCUXpressoIDE_25.6.136/ide/plugins/com.nxp.mcuxpresso.tools.win32_25.6.0.202501151204/tools/bin/../lib/gcc/arm-none-eabi/14.2.1/../../../../arm-none-eabi/lib/thumb/v7-m/nofp\libcr_c.a(_cr_sbrk.o)
 .debug_abbrev  0x00002f32      0x12c C:/nxp/MCUXpressoIDE_25.6.136/ide/plugins/com.nxp.mcuxpresso.tools.win32_25.6.0.202501151204/tools/bin/../lib/gcc/arm-none-eabi/14.2.1/../../../../arm-none-eabi/lib/thumb/v7-m/nofp\libcr_c.a(_do_fflush.o)
 .debug_abbrev  0x0000305e       0x6b C:/nxp/MCUXpressoIDE_25.6.136/ide/plugins/com.nxp.mcuxpresso.tools.win32_25.6.0.202501151204/tools/bin/../lib/gcc/arm-none-eabi/14.2.1/../../../../arm-none-eabi/lib/thumb/v7-m/nofp\libcr_c.a(_cr_check_heap.o)
 .debug_abbrev  0x000030c9      0x364 C:/nxp/MCUXpressoIDE_25.6.136/ide/plugins/com.nxp.mcuxpresso.tools.win32_25.6.0.202501151204/tools/bin/../lib/gcc/arm-none-eabi/14.2.1/thumb/v7-m/nofp\libcr_eabihelpers.a(double.o)
 .debug_abbrev  0x0000342d       0xb5 C:/nxp/MCUXpressoIDE_25.6.136/ide/plugins/com.nxp.mcuxpresso.tools.win32_25.6.0.202501151204/tools/bin/../lib/gcc/arm-none-eabi/14.2.1/../../../../arm-none-eabi/lib/thumb/v7-m/nofp\libcr_semihost.a(__ciob.o)

.debug_aranges  0x00000000      0x8c0
 .debug_aranges
                0x00000000       0x80 ./src/cr_startup_lpc175x_6x.o
 .debug_aranges
                0x00000080       0x18 ./src/crp.o
 .debug_aranges
                0x00000098       0x68 ./src/digital-osc.o
 .debug_aranges
                0x00000100       0x28 C:\Users\benja\Documents\MCUXpressoIDE_25.6.136\workspace\CMSISv2p00_LPC17xx\Debug\libCMSISv2p00_LPC17xx.a(system_LPC17xx.o)
 .debug_aranges
                0x00000128       0xa0 C:\Users\benja\Documents\MCUXpressoIDE_25.6.136\workspace\CMSISv2p00_LPC17xx\Debug\libCMSISv2p00_LPC17xx.a(lpc17xx_adc.o)
 .debug_aranges
                0x000001c8       0x58 C:\Users\benja\Documents\MCUXpressoIDE_25.6.136\workspace\CMSISv2p00_LPC17xx\Debug\libCMSISv2p00_LPC17xx.a(lpc17xx_clkpwr.o)
 .debug_aranges
                0x00000220       0x68 C:\Users\benja\Documents\MCUXpressoIDE_25.6.136\workspace\CMSISv2p00_LPC17xx\Debug\libCMSISv2p00_LPC17xx.a(lpc17xx_gpdma.o)
 .debug_aranges
                0x00000288       0x20 C:\Users\benja\Documents\MCUXpressoIDE_25.6.136\workspace\CMSISv2p00_LPC17xx\Debug\libCMSISv2p00_LPC17xx.a(lpc17xx_libcfg_default.o)
 .debug_aranges
                0x000002a8      0x110 C:\Users\benja\Documents\MCUXpressoIDE_25.6.136\workspace\CMSISv2p00_LPC17xx\Debug\libCMSISv2p00_LPC17xx.a(lpc17xx_uart.o)
 .debug_aranges
                0x000003b8       0x38 C:\Users\benja\Documents\MCUXpressoIDE_25.6.136\workspace\CMSISv2p00_LPC17xx\Debug\libCMSISv2p00_LPC17xx.a(lpc17xx_pinsel.o)
 .debug_aranges
                0x000003f0       0x20 C:/nxp/MCUXpressoIDE_25.6.136/ide/plugins/com.nxp.mcuxpresso.tools.win32_25.6.0.202501151204/tools/bin/../lib/gcc/arm-none-eabi/14.2.1/../../../../arm-none-eabi/lib/thumb/v7-m/nofp\libcr_semihost.a(_cr__main.o)
 .debug_aranges
                0x00000410       0x78 C:/nxp/MCUXpressoIDE_25.6.136/ide/plugins/com.nxp.mcuxpresso.tools.win32_25.6.0.202501151204/tools/bin/../lib/gcc/arm-none-eabi/14.2.1/../../../../arm-none-eabi/lib/thumb/v7-m/nofp\libcr_c.a(fpprintf.o)
 .debug_aranges
                0x00000488       0x28 C:/nxp/MCUXpressoIDE_25.6.136/ide/plugins/com.nxp.mcuxpresso.tools.win32_25.6.0.202501151204/tools/bin/../lib/gcc/arm-none-eabi/14.2.1/../../../../arm-none-eabi/lib/thumb/v7-m/nofp\libcr_c.a(initio.o)
 .debug_aranges
                0x000004b0       0x70 C:/nxp/MCUXpressoIDE_25.6.136/ide/plugins/com.nxp.mcuxpresso.tools.win32_25.6.0.202501151204/tools/bin/../lib/gcc/arm-none-eabi/14.2.1/../../../../arm-none-eabi/lib/thumb/v7-m/nofp\libcr_c.a(printf.o)
 .debug_aranges
                0x00000520       0x20 C:/nxp/MCUXpressoIDE_25.6.136/ide/plugins/com.nxp.mcuxpresso.tools.win32_25.6.0.202501151204/tools/bin/../lib/gcc/arm-none-eabi/14.2.1/../../../../arm-none-eabi/lib/thumb/v7-m/nofp\libcr_c.a(setvbuf.o)
 .debug_aranges
                0x00000540       0x20 C:/nxp/MCUXpressoIDE_25.6.136/ide/plugins/com.nxp.mcuxpresso.tools.win32_25.6.0.202501151204/tools/bin/../lib/gcc/arm-none-eabi/14.2.1/../../../../arm-none-eabi/lib/thumb/v7-m/nofp\libcr_c.a(strlen.o)
 .debug_aranges
                0x00000560       0x20 C:/nxp/MCUXpressoIDE_25.6.136/ide/plugins/com.nxp.mcuxpresso.tools.win32_25.6.0.202501151204/tools/bin/../lib/gcc/arm-none-eabi/14.2.1/../../../../arm-none-eabi/lib/thumb/v7-m/nofp\libcr_c.a(memset.o)
 .debug_aranges
                0x00000580       0x28 C:/nxp/MCUXpressoIDE_25.6.136/ide/plugins/com.nxp.mcuxpresso.tools.win32_25.6.0.202501151204/tools/bin/../lib/gcc/arm-none-eabi/14.2.1/../../../../arm-none-eabi/lib/thumb/v7-m/nofp\libcr_c.a(_deferredlazyseek.o)
 .debug_aranges
                0x000005a8       0x20 C:/nxp/MCUXpressoIDE_25.6.136/ide/plugins/com.nxp.mcuxpresso.tools.win32_25.6.0.202501151204/tools/bin/../lib/gcc/arm-none-eabi/14.2.1/../../../../arm-none-eabi/lib/thumb/v7-m/nofp\libcr_c.a(_fdopen.o)
 .debug_aranges
                0x000005c8       0x20 C:/nxp/MCUXpressoIDE_25.6.136/ide/plugins/com.nxp.mcuxpresso.tools.win32_25.6.0.202501151204/tools/bin/../lib/gcc/arm-none-eabi/14.2.1/../../../../arm-none-eabi/lib/thumb/v7-m/nofp\libcr_c.a(_fflush.o)
 .debug_aranges
                0x000005e8       0x20 C:/nxp/MCUXpressoIDE_25.6.136/ide/plugins/com.nxp.mcuxpresso.tools.win32_25.6.0.202501151204/tools/bin/../lib/gcc/arm-none-eabi/14.2.1/../../../../arm-none-eabi/lib/thumb/v7-m/nofp\libcr_c.a(_frexpl.o)
 .debug_aranges
                0x00000608       0x20 C:/nxp/MCUXpressoIDE_25.6.136/ide/plugins/com.nxp.mcuxpresso.tools.win32_25.6.0.202501151204/tools/bin/../lib/gcc/arm-none-eabi/14.2.1/../../../../arm-none-eabi/lib/thumb/v7-m/nofp\libcr_c.a(_ldexpl.o)
 .debug_aranges
                0x00000628       0x20 C:/nxp/MCUXpressoIDE_25.6.136/ide/plugins/com.nxp.mcuxpresso.tools.win32_25.6.0.202501151204/tools/bin/../lib/gcc/arm-none-eabi/14.2.1/../../../../arm-none-eabi/lib/thumb/v7-m/nofp\libcr_c.a(_writebuf.o)
 .debug_aranges
                0x00000648       0x40 C:/nxp/MCUXpressoIDE_25.6.136/ide/plugins/com.nxp.mcuxpresso.tools.win32_25.6.0.202501151204/tools/bin/../lib/gcc/arm-none-eabi/14.2.1/../../../../arm-none-eabi/lib/thumb/v7-m/nofp\libcr_c.a(alloc.o)
 .debug_aranges
                0x00000688       0x18 C:/nxp/MCUXpressoIDE_25.6.136/ide/plugins/com.nxp.mcuxpresso.tools.win32_25.6.0.202501151204/tools/bin/../lib/gcc/arm-none-eabi/14.2.1/../../../../arm-none-eabi/lib/thumb/v7-m/nofp\libcr_c.a(errno.o)
 .debug_aranges
                0x000006a0       0x20 C:/nxp/MCUXpressoIDE_25.6.136/ide/plugins/com.nxp.mcuxpresso.tools.win32_25.6.0.202501151204/tools/bin/../lib/gcc/arm-none-eabi/14.2.1/../../../../arm-none-eabi/lib/thumb/v7-m/nofp\libcr_c.a(fclose.o)
 .debug_aranges
                0x000006c0       0x20 C:/nxp/MCUXpressoIDE_25.6.136/ide/plugins/com.nxp.mcuxpresso.tools.win32_25.6.0.202501151204/tools/bin/../lib/gcc/arm-none-eabi/14.2.1/../../../../arm-none-eabi/lib/thumb/v7-m/nofp\libcr_c.a(fflush.o)
 .debug_aranges
                0x000006e0       0x20 C:/nxp/MCUXpressoIDE_25.6.136/ide/plugins/com.nxp.mcuxpresso.tools.win32_25.6.0.202501151204/tools/bin/../lib/gcc/arm-none-eabi/14.2.1/../../../../arm-none-eabi/lib/thumb/v7-m/nofp\libcr_c.a(fseek.o)
 .debug_aranges
                0x00000700       0x20 C:/nxp/MCUXpressoIDE_25.6.136/ide/plugins/com.nxp.mcuxpresso.tools.win32_25.6.0.202501151204/tools/bin/../lib/gcc/arm-none-eabi/14.2.1/../../../../arm-none-eabi/lib/thumb/v7-m/nofp\libcr_c.a(ftell.o)
 .debug_aranges
                0x00000720       0x28 C:/nxp/MCUXpressoIDE_25.6.136/ide/plugins/com.nxp.mcuxpresso.tools.win32_25.6.0.202501151204/tools/bin/../lib/gcc/arm-none-eabi/14.2.1/../../../../arm-none-eabi/lib/thumb/v7-m/nofp\libcr_c.a(remove.o)
 .debug_aranges
                0x00000748       0x20 C:/nxp/MCUXpressoIDE_25.6.136/ide/plugins/com.nxp.mcuxpresso.tools.win32_25.6.0.202501151204/tools/bin/../lib/gcc/arm-none-eabi/14.2.1/../../../../arm-none-eabi/lib/thumb/v7-m/nofp\libcr_c.a(__init_alloc.o)
 .debug_aranges
                0x00000768       0x20 C:/nxp/MCUXpressoIDE_25.6.136/ide/plugins/com.nxp.mcuxpresso.tools.win32_25.6.0.202501151204/tools/bin/../lib/gcc/arm-none-eabi/14.2.1/../../../../arm-none-eabi/lib/thumb/v7-m/nofp\libcr_c.a(_cr_sbrk.o)
 .debug_aranges
                0x00000788       0x20 C:/nxp/MCUXpressoIDE_25.6.136/ide/plugins/com.nxp.mcuxpresso.tools.win32_25.6.0.202501151204/tools/bin/../lib/gcc/arm-none-eabi/14.2.1/../../../../arm-none-eabi/lib/thumb/v7-m/nofp\libcr_c.a(_do_fflush.o)
 .debug_aranges
                0x000007a8       0x20 C:/nxp/MCUXpressoIDE_25.6.136/ide/plugins/com.nxp.mcuxpresso.tools.win32_25.6.0.202501151204/tools/bin/../lib/gcc/arm-none-eabi/14.2.1/../../../../arm-none-eabi/lib/thumb/v7-m/nofp\libcr_c.a(_cr_check_heap.o)
 .debug_aranges
                0x000007c8       0xe0 C:/nxp/MCUXpressoIDE_25.6.136/ide/plugins/com.nxp.mcuxpresso.tools.win32_25.6.0.202501151204/tools/bin/../lib/gcc/arm-none-eabi/14.2.1/thumb/v7-m/nofp\libcr_eabihelpers.a(double.o)
 .debug_aranges
                0x000008a8       0x18 C:/nxp/MCUXpressoIDE_25.6.136/ide/plugins/com.nxp.mcuxpresso.tools.win32_25.6.0.202501151204/tools/bin/../lib/gcc/arm-none-eabi/14.2.1/../../../../arm-none-eabi/lib/thumb/v7-m/nofp\libcr_semihost.a(__ciob.o)

.debug_ranges   0x00000000      0xba0
 .debug_ranges  0x00000000       0x70 ./src/cr_startup_lpc175x_6x.o
 .debug_ranges  0x00000070       0x58 ./src/digital-osc.o
 .debug_ranges  0x000000c8       0x18 C:\Users\benja\Documents\MCUXpressoIDE_25.6.136\workspace\CMSISv2p00_LPC17xx\Debug\libCMSISv2p00_LPC17xx.a(system_LPC17xx.o)
 .debug_ranges  0x000000e0       0x90 C:\Users\benja\Documents\MCUXpressoIDE_25.6.136\workspace\CMSISv2p00_LPC17xx\Debug\libCMSISv2p00_LPC17xx.a(lpc17xx_adc.o)
 .debug_ranges  0x00000170       0x48 C:\Users\benja\Documents\MCUXpressoIDE_25.6.136\workspace\CMSISv2p00_LPC17xx\Debug\libCMSISv2p00_LPC17xx.a(lpc17xx_clkpwr.o)
 .debug_ranges  0x000001b8       0x70 C:\Users\benja\Documents\MCUXpressoIDE_25.6.136\workspace\CMSISv2p00_LPC17xx\Debug\libCMSISv2p00_LPC17xx.a(lpc17xx_gpdma.o)
 .debug_ranges  0x00000228       0x10 C:\Users\benja\Documents\MCUXpressoIDE_25.6.136\workspace\CMSISv2p00_LPC17xx\Debug\libCMSISv2p00_LPC17xx.a(lpc17xx_libcfg_default.o)
 .debug_ranges  0x00000238      0x148 C:\Users\benja\Documents\MCUXpressoIDE_25.6.136\workspace\CMSISv2p00_LPC17xx\Debug\libCMSISv2p00_LPC17xx.a(lpc17xx_uart.o)
 .debug_ranges  0x00000380       0x78 C:\Users\benja\Documents\MCUXpressoIDE_25.6.136\workspace\CMSISv2p00_LPC17xx\Debug\libCMSISv2p00_LPC17xx.a(lpc17xx_pinsel.o)
 .debug_ranges  0x000003f8       0x10 C:/nxp/MCUXpressoIDE_25.6.136/ide/plugins/com.nxp.mcuxpresso.tools.win32_25.6.0.202501151204/tools/bin/../lib/gcc/arm-none-eabi/14.2.1/../../../../arm-none-eabi/lib/thumb/v7-m/nofp\libcr_semihost.a(_cr__main.o)
 .debug_ranges  0x00000408      0x108 C:/nxp/MCUXpressoIDE_25.6.136/ide/plugins/com.nxp.mcuxpresso.tools.win32_25.6.0.202501151204/tools/bin/../lib/gcc/arm-none-eabi/14.2.1/../../../../arm-none-eabi/lib/thumb/v7-m/nofp\libcr_c.a(fpprintf.o)
 .debug_ranges  0x00000510       0x18 C:/nxp/MCUXpressoIDE_25.6.136/ide/plugins/com.nxp.mcuxpresso.tools.win32_25.6.0.202501151204/tools/bin/../lib/gcc/arm-none-eabi/14.2.1/../../../../arm-none-eabi/lib/thumb/v7-m/nofp\libcr_c.a(initio.o)
 .debug_ranges  0x00000528      0x248 C:/nxp/MCUXpressoIDE_25.6.136/ide/plugins/com.nxp.mcuxpresso.tools.win32_25.6.0.202501151204/tools/bin/../lib/gcc/arm-none-eabi/14.2.1/../../../../arm-none-eabi/lib/thumb/v7-m/nofp\libcr_c.a(printf.o)
 .debug_ranges  0x00000770       0x10 C:/nxp/MCUXpressoIDE_25.6.136/ide/plugins/com.nxp.mcuxpresso.tools.win32_25.6.0.202501151204/tools/bin/../lib/gcc/arm-none-eabi/14.2.1/../../../../arm-none-eabi/lib/thumb/v7-m/nofp\libcr_c.a(setvbuf.o)
 .debug_ranges  0x00000780       0x10 C:/nxp/MCUXpressoIDE_25.6.136/ide/plugins/com.nxp.mcuxpresso.tools.win32_25.6.0.202501151204/tools/bin/../lib/gcc/arm-none-eabi/14.2.1/../../../../arm-none-eabi/lib/thumb/v7-m/nofp\libcr_c.a(strlen.o)
 .debug_ranges  0x00000790       0x10 C:/nxp/MCUXpressoIDE_25.6.136/ide/plugins/com.nxp.mcuxpresso.tools.win32_25.6.0.202501151204/tools/bin/../lib/gcc/arm-none-eabi/14.2.1/../../../../arm-none-eabi/lib/thumb/v7-m/nofp\libcr_c.a(memset.o)
 .debug_ranges  0x000007a0       0x30 C:/nxp/MCUXpressoIDE_25.6.136/ide/plugins/com.nxp.mcuxpresso.tools.win32_25.6.0.202501151204/tools/bin/../lib/gcc/arm-none-eabi/14.2.1/../../../../arm-none-eabi/lib/thumb/v7-m/nofp\libcr_c.a(_deferredlazyseek.o)
 .debug_ranges  0x000007d0       0x10 C:/nxp/MCUXpressoIDE_25.6.136/ide/plugins/com.nxp.mcuxpresso.tools.win32_25.6.0.202501151204/tools/bin/../lib/gcc/arm-none-eabi/14.2.1/../../../../arm-none-eabi/lib/thumb/v7-m/nofp\libcr_c.a(_fdopen.o)
 .debug_ranges  0x000007e0       0x10 C:/nxp/MCUXpressoIDE_25.6.136/ide/plugins/com.nxp.mcuxpresso.tools.win32_25.6.0.202501151204/tools/bin/../lib/gcc/arm-none-eabi/14.2.1/../../../../arm-none-eabi/lib/thumb/v7-m/nofp\libcr_c.a(_fflush.o)
 .debug_ranges  0x000007f0       0x10 C:/nxp/MCUXpressoIDE_25.6.136/ide/plugins/com.nxp.mcuxpresso.tools.win32_25.6.0.202501151204/tools/bin/../lib/gcc/arm-none-eabi/14.2.1/../../../../arm-none-eabi/lib/thumb/v7-m/nofp\libcr_c.a(_frexpl.o)
 .debug_ranges  0x00000800       0x10 C:/nxp/MCUXpressoIDE_25.6.136/ide/plugins/com.nxp.mcuxpresso.tools.win32_25.6.0.202501151204/tools/bin/../lib/gcc/arm-none-eabi/14.2.1/../../../../arm-none-eabi/lib/thumb/v7-m/nofp\libcr_c.a(_ldexpl.o)
 .debug_ranges  0x00000810       0x10 C:/nxp/MCUXpressoIDE_25.6.136/ide/plugins/com.nxp.mcuxpresso.tools.win32_25.6.0.202501151204/tools/bin/../lib/gcc/arm-none-eabi/14.2.1/../../../../arm-none-eabi/lib/thumb/v7-m/nofp\libcr_c.a(_writebuf.o)
 .debug_ranges  0x00000820       0x48 C:/nxp/MCUXpressoIDE_25.6.136/ide/plugins/com.nxp.mcuxpresso.tools.win32_25.6.0.202501151204/tools/bin/../lib/gcc/arm-none-eabi/14.2.1/../../../../arm-none-eabi/lib/thumb/v7-m/nofp\libcr_c.a(alloc.o)
 .debug_ranges  0x00000868       0x10 C:/nxp/MCUXpressoIDE_25.6.136/ide/plugins/com.nxp.mcuxpresso.tools.win32_25.6.0.202501151204/tools/bin/../lib/gcc/arm-none-eabi/14.2.1/../../../../arm-none-eabi/lib/thumb/v7-m/nofp\libcr_c.a(fclose.o)
 .debug_ranges  0x00000878       0x28 C:/nxp/MCUXpressoIDE_25.6.136/ide/plugins/com.nxp.mcuxpresso.tools.win32_25.6.0.202501151204/tools/bin/../lib/gcc/arm-none-eabi/14.2.1/../../../../arm-none-eabi/lib/thumb/v7-m/nofp\libcr_c.a(fflush.o)
 .debug_ranges  0x000008a0       0x10 C:/nxp/MCUXpressoIDE_25.6.136/ide/plugins/com.nxp.mcuxpresso.tools.win32_25.6.0.202501151204/tools/bin/../lib/gcc/arm-none-eabi/14.2.1/../../../../arm-none-eabi/lib/thumb/v7-m/nofp\libcr_c.a(fseek.o)
 .debug_ranges  0x000008b0       0x10 C:/nxp/MCUXpressoIDE_25.6.136/ide/plugins/com.nxp.mcuxpresso.tools.win32_25.6.0.202501151204/tools/bin/../lib/gcc/arm-none-eabi/14.2.1/../../../../arm-none-eabi/lib/thumb/v7-m/nofp\libcr_c.a(ftell.o)
 .debug_ranges  0x000008c0       0x18 C:/nxp/MCUXpressoIDE_25.6.136/ide/plugins/com.nxp.mcuxpresso.tools.win32_25.6.0.202501151204/tools/bin/../lib/gcc/arm-none-eabi/14.2.1/../../../../arm-none-eabi/lib/thumb/v7-m/nofp\libcr_c.a(remove.o)
 .debug_ranges  0x000008d8       0x10 C:/nxp/MCUXpressoIDE_25.6.136/ide/plugins/com.nxp.mcuxpresso.tools.win32_25.6.0.202501151204/tools/bin/../lib/gcc/arm-none-eabi/14.2.1/../../../../arm-none-eabi/lib/thumb/v7-m/nofp\libcr_c.a(__init_alloc.o)
 .debug_ranges  0x000008e8       0x10 C:/nxp/MCUXpressoIDE_25.6.136/ide/plugins/com.nxp.mcuxpresso.tools.win32_25.6.0.202501151204/tools/bin/../lib/gcc/arm-none-eabi/14.2.1/../../../../arm-none-eabi/lib/thumb/v7-m/nofp\libcr_c.a(_cr_sbrk.o)
 .debug_ranges  0x000008f8       0x28 C:/nxp/MCUXpressoIDE_25.6.136/ide/plugins/com.nxp.mcuxpresso.tools.win32_25.6.0.202501151204/tools/bin/../lib/gcc/arm-none-eabi/14.2.1/../../../../arm-none-eabi/lib/thumb/v7-m/nofp\libcr_c.a(_do_fflush.o)
 .debug_ranges  0x00000920       0x10 C:/nxp/MCUXpressoIDE_25.6.136/ide/plugins/com.nxp.mcuxpresso.tools.win32_25.6.0.202501151204/tools/bin/../lib/gcc/arm-none-eabi/14.2.1/../../../../arm-none-eabi/lib/thumb/v7-m/nofp\libcr_c.a(_cr_check_heap.o)
 .debug_ranges  0x00000930      0x270 C:/nxp/MCUXpressoIDE_25.6.136/ide/plugins/com.nxp.mcuxpresso.tools.win32_25.6.0.202501151204/tools/bin/../lib/gcc/arm-none-eabi/14.2.1/thumb/v7-m/nofp\libcr_eabihelpers.a(double.o)

.debug_macro    0x00000000     0x3e91
 .debug_macro   0x00000000       0x1d ./src/cr_startup_lpc175x_6x.o
 .debug_macro   0x0000001d      0xade ./src/cr_startup_lpc175x_6x.o
 .debug_macro   0x00000afb       0x1a ./src/crp.o
 .debug_macro   0x00000b15       0x34 ./src/crp.o
 .debug_macro   0x00000b49      0x109 ./src/digital-osc.o
 .debug_macro   0x00000c52       0x1c ./src/digital-osc.o
 .debug_macro   0x00000c6e       0x2e ./src/digital-osc.o
 .debug_macro   0x00000c9c       0x10 ./src/digital-osc.o
 .debug_macro   0x00000cac      0x12e ./src/digital-osc.o
 .debug_macro   0x00000dda      0x5b3 ./src/digital-osc.o
 .debug_macro   0x0000138d       0x18 ./src/digital-osc.o
 .debug_macro   0x000013a5      0x7af ./src/digital-osc.o
 .debug_macro   0x00001b54      0x2c7 ./src/digital-osc.o
 .debug_macro   0x00001e1b       0x82 ./src/digital-osc.o
 .debug_macro   0x00001e9d       0x9a ./src/digital-osc.o
 .debug_macro   0x00001f37       0x5d ./src/digital-osc.o
 .debug_macro   0x00001f94      0x36b ./src/digital-osc.o
 .debug_macro   0x000022ff       0x16 ./src/digital-osc.o
 .debug_macro   0x00002315       0x4c ./src/digital-osc.o
 .debug_macro   0x00002361       0xe7 ./src/digital-osc.o
 .debug_macro   0x00002448       0xc5 ./src/digital-osc.o
 .debug_macro   0x0000250d      0x12b C:\Users\benja\Documents\MCUXpressoIDE_25.6.136\workspace\CMSISv2p00_LPC17xx\Debug\libCMSISv2p00_LPC17xx.a(system_LPC17xx.o)
 .debug_macro   0x00002638      0xad8 C:\Users\benja\Documents\MCUXpressoIDE_25.6.136\workspace\CMSISv2p00_LPC17xx\Debug\libCMSISv2p00_LPC17xx.a(system_LPC17xx.o)
 .debug_macro   0x00003110       0xa9 C:\Users\benja\Documents\MCUXpressoIDE_25.6.136\workspace\CMSISv2p00_LPC17xx\Debug\libCMSISv2p00_LPC17xx.a(lpc17xx_adc.o)
 .debug_macro   0x000031b9       0x63 C:\Users\benja\Documents\MCUXpressoIDE_25.6.136\workspace\CMSISv2p00_LPC17xx\Debug\libCMSISv2p00_LPC17xx.a(lpc17xx_adc.o)
 .debug_macro   0x0000321c       0xe1 C:\Users\benja\Documents\MCUXpressoIDE_25.6.136\workspace\CMSISv2p00_LPC17xx\Debug\libCMSISv2p00_LPC17xx.a(lpc17xx_adc.o)
 .debug_macro   0x000032fd      0x2f1 C:\Users\benja\Documents\MCUXpressoIDE_25.6.136\workspace\CMSISv2p00_LPC17xx\Debug\libCMSISv2p00_LPC17xx.a(lpc17xx_adc.o)
 .debug_macro   0x000035ee       0xdd C:\Users\benja\Documents\MCUXpressoIDE_25.6.136\workspace\CMSISv2p00_LPC17xx\Debug\libCMSISv2p00_LPC17xx.a(lpc17xx_adc.o)
 .debug_macro   0x000036cb       0x8d C:\Users\benja\Documents\MCUXpressoIDE_25.6.136\workspace\CMSISv2p00_LPC17xx\Debug\libCMSISv2p00_LPC17xx.a(lpc17xx_clkpwr.o)
 .debug_macro   0x00003758       0x1c C:\Users\benja\Documents\MCUXpressoIDE_25.6.136\workspace\CMSISv2p00_LPC17xx\Debug\libCMSISv2p00_LPC17xx.a(lpc17xx_clkpwr.o)
 .debug_macro   0x00003774      0x2c7 C:\Users\benja\Documents\MCUXpressoIDE_25.6.136\workspace\CMSISv2p00_LPC17xx\Debug\libCMSISv2p00_LPC17xx.a(lpc17xx_clkpwr.o)
 .debug_macro   0x00003a3b       0xa9 C:\Users\benja\Documents\MCUXpressoIDE_25.6.136\workspace\CMSISv2p00_LPC17xx\Debug\libCMSISv2p00_LPC17xx.a(lpc17xx_gpdma.o)
 .debug_macro   0x00003ae4       0xbf C:\Users\benja\Documents\MCUXpressoIDE_25.6.136\workspace\CMSISv2p00_LPC17xx\Debug\libCMSISv2p00_LPC17xx.a(lpc17xx_gpdma.o)
 .debug_macro   0x00003ba3       0x5a C:\Users\benja\Documents\MCUXpressoIDE_25.6.136\workspace\CMSISv2p00_LPC17xx\Debug\libCMSISv2p00_LPC17xx.a(lpc17xx_libcfg_default.o)
 .debug_macro   0x00003bfd       0x5d C:\Users\benja\Documents\MCUXpressoIDE_25.6.136\workspace\CMSISv2p00_LPC17xx\Debug\libCMSISv2p00_LPC17xx.a(lpc17xx_libcfg_default.o)
 .debug_macro   0x00003c5a       0xd7 C:\Users\benja\Documents\MCUXpressoIDE_25.6.136\workspace\CMSISv2p00_LPC17xx\Debug\libCMSISv2p00_LPC17xx.a(lpc17xx_libcfg_default.o)
 .debug_macro   0x00003d31       0xc1 C:\Users\benja\Documents\MCUXpressoIDE_25.6.136\workspace\CMSISv2p00_LPC17xx\Debug\libCMSISv2p00_LPC17xx.a(lpc17xx_uart.o)
 .debug_macro   0x00003df2       0x9f C:\Users\benja\Documents\MCUXpressoIDE_25.6.136\workspace\CMSISv2p00_LPC17xx\Debug\libCMSISv2p00_LPC17xx.a(lpc17xx_pinsel.o)

.debug_line     0x00000000     0x958d
 .debug_line    0x00000000      0x11e ./src/cr_startup_lpc175x_6x.o
 .debug_line    0x0000011e       0xae ./src/crp.o
 .debug_line    0x000001cc      0x5f2 ./src/digital-osc.o
 .debug_line    0x000007be      0x40c C:\Users\benja\Documents\MCUXpressoIDE_25.6.136\workspace\CMSISv2p00_LPC17xx\Debug\libCMSISv2p00_LPC17xx.a(system_LPC17xx.o)
 .debug_line    0x00000bca      0x72e C:\Users\benja\Documents\MCUXpressoIDE_25.6.136\workspace\CMSISv2p00_LPC17xx\Debug\libCMSISv2p00_LPC17xx.a(lpc17xx_adc.o)
 .debug_line    0x000012f8      0x44f C:\Users\benja\Documents\MCUXpressoIDE_25.6.136\workspace\CMSISv2p00_LPC17xx\Debug\libCMSISv2p00_LPC17xx.a(lpc17xx_clkpwr.o)
 .debug_line    0x00001747      0x854 C:\Users\benja\Documents\MCUXpressoIDE_25.6.136\workspace\CMSISv2p00_LPC17xx\Debug\libCMSISv2p00_LPC17xx.a(lpc17xx_gpdma.o)
 .debug_line    0x00001f9b      0x20d C:\Users\benja\Documents\MCUXpressoIDE_25.6.136\workspace\CMSISv2p00_LPC17xx\Debug\libCMSISv2p00_LPC17xx.a(lpc17xx_libcfg_default.o)
 .debug_line    0x000021a8     0x104c C:\Users\benja\Documents\MCUXpressoIDE_25.6.136\workspace\CMSISv2p00_LPC17xx\Debug\libCMSISv2p00_LPC17xx.a(lpc17xx_uart.o)
 .debug_line    0x000031f4      0x4ab C:\Users\benja\Documents\MCUXpressoIDE_25.6.136\workspace\CMSISv2p00_LPC17xx\Debug\libCMSISv2p00_LPC17xx.a(lpc17xx_pinsel.o)
 .debug_line    0x0000369f       0xc4 C:/nxp/MCUXpressoIDE_25.6.136/ide/plugins/com.nxp.mcuxpresso.tools.win32_25.6.0.202501151204/tools/bin/../lib/gcc/arm-none-eabi/14.2.1/../../../../arm-none-eabi/lib/thumb/v7-m/nofp\libcr_semihost.a(_cr__main.o)
 .debug_line    0x00003763     0x10b8 C:/nxp/MCUXpressoIDE_25.6.136/ide/plugins/com.nxp.mcuxpresso.tools.win32_25.6.0.202501151204/tools/bin/../lib/gcc/arm-none-eabi/14.2.1/../../../../arm-none-eabi/lib/thumb/v7-m/nofp\libcr_c.a(fpprintf.o)
 .debug_line    0x0000481b      0x1b9 C:/nxp/MCUXpressoIDE_25.6.136/ide/plugins/com.nxp.mcuxpresso.tools.win32_25.6.0.202501151204/tools/bin/../lib/gcc/arm-none-eabi/14.2.1/../../../../arm-none-eabi/lib/thumb/v7-m/nofp\libcr_c.a(initio.o)
 .debug_line    0x000049d4     0x10fb C:/nxp/MCUXpressoIDE_25.6.136/ide/plugins/com.nxp.mcuxpresso.tools.win32_25.6.0.202501151204/tools/bin/../lib/gcc/arm-none-eabi/14.2.1/../../../../arm-none-eabi/lib/thumb/v7-m/nofp\libcr_c.a(printf.o)
 .debug_line    0x00005acf      0x15c C:/nxp/MCUXpressoIDE_25.6.136/ide/plugins/com.nxp.mcuxpresso.tools.win32_25.6.0.202501151204/tools/bin/../lib/gcc/arm-none-eabi/14.2.1/../../../../arm-none-eabi/lib/thumb/v7-m/nofp\libcr_c.a(setvbuf.o)
 .debug_line    0x00005c2b      0x141 C:/nxp/MCUXpressoIDE_25.6.136/ide/plugins/com.nxp.mcuxpresso.tools.win32_25.6.0.202501151204/tools/bin/../lib/gcc/arm-none-eabi/14.2.1/../../../../arm-none-eabi/lib/thumb/v7-m/nofp\libcr_c.a(strlen.o)
 .debug_line    0x00005d6c       0xb3 C:/nxp/MCUXpressoIDE_25.6.136/ide/plugins/com.nxp.mcuxpresso.tools.win32_25.6.0.202501151204/tools/bin/../lib/gcc/arm-none-eabi/14.2.1/../../../../arm-none-eabi/lib/thumb/v7-m/nofp\libcr_c.a(memset.o)
 .debug_line    0x00005e1f      0x36f C:/nxp/MCUXpressoIDE_25.6.136/ide/plugins/com.nxp.mcuxpresso.tools.win32_25.6.0.202501151204/tools/bin/../lib/gcc/arm-none-eabi/14.2.1/../../../../arm-none-eabi/lib/thumb/v7-m/nofp\libcr_c.a(_deferredlazyseek.o)
 .debug_line    0x0000618e      0x18c C:/nxp/MCUXpressoIDE_25.6.136/ide/plugins/com.nxp.mcuxpresso.tools.win32_25.6.0.202501151204/tools/bin/../lib/gcc/arm-none-eabi/14.2.1/../../../../arm-none-eabi/lib/thumb/v7-m/nofp\libcr_c.a(_fdopen.o)
 .debug_line    0x0000631a      0x18f C:/nxp/MCUXpressoIDE_25.6.136/ide/plugins/com.nxp.mcuxpresso.tools.win32_25.6.0.202501151204/tools/bin/../lib/gcc/arm-none-eabi/14.2.1/../../../../arm-none-eabi/lib/thumb/v7-m/nofp\libcr_c.a(_fflush.o)
 .debug_line    0x000064a9      0x14b C:/nxp/MCUXpressoIDE_25.6.136/ide/plugins/com.nxp.mcuxpresso.tools.win32_25.6.0.202501151204/tools/bin/../lib/gcc/arm-none-eabi/14.2.1/../../../../arm-none-eabi/lib/thumb/v7-m/nofp\libcr_c.a(_frexpl.o)
 .debug_line    0x000065f4      0x16b C:/nxp/MCUXpressoIDE_25.6.136/ide/plugins/com.nxp.mcuxpresso.tools.win32_25.6.0.202501151204/tools/bin/../lib/gcc/arm-none-eabi/14.2.1/../../../../arm-none-eabi/lib/thumb/v7-m/nofp\libcr_c.a(_ldexpl.o)
 .debug_line    0x0000675f      0x1a8 C:/nxp/MCUXpressoIDE_25.6.136/ide/plugins/com.nxp.mcuxpresso.tools.win32_25.6.0.202501151204/tools/bin/../lib/gcc/arm-none-eabi/14.2.1/../../../../arm-none-eabi/lib/thumb/v7-m/nofp\libcr_c.a(_writebuf.o)
 .debug_line    0x00006907      0x3ed C:/nxp/MCUXpressoIDE_25.6.136/ide/plugins/com.nxp.mcuxpresso.tools.win32_25.6.0.202501151204/tools/bin/../lib/gcc/arm-none-eabi/14.2.1/../../../../arm-none-eabi/lib/thumb/v7-m/nofp\libcr_c.a(alloc.o)
 .debug_line    0x00006cf4       0x86 C:/nxp/MCUXpressoIDE_25.6.136/ide/plugins/com.nxp.mcuxpresso.tools.win32_25.6.0.202501151204/tools/bin/../lib/gcc/arm-none-eabi/14.2.1/../../../../arm-none-eabi/lib/thumb/v7-m/nofp\libcr_c.a(errno.o)
 .debug_line    0x00006d7a      0x17e C:/nxp/MCUXpressoIDE_25.6.136/ide/plugins/com.nxp.mcuxpresso.tools.win32_25.6.0.202501151204/tools/bin/../lib/gcc/arm-none-eabi/14.2.1/../../../../arm-none-eabi/lib/thumb/v7-m/nofp\libcr_c.a(fclose.o)
 .debug_line    0x00006ef8      0x151 C:/nxp/MCUXpressoIDE_25.6.136/ide/plugins/com.nxp.mcuxpresso.tools.win32_25.6.0.202501151204/tools/bin/../lib/gcc/arm-none-eabi/14.2.1/../../../../arm-none-eabi/lib/thumb/v7-m/nofp\libcr_c.a(fflush.o)
 .debug_line    0x00007049      0x2a5 C:/nxp/MCUXpressoIDE_25.6.136/ide/plugins/com.nxp.mcuxpresso.tools.win32_25.6.0.202501151204/tools/bin/../lib/gcc/arm-none-eabi/14.2.1/../../../../arm-none-eabi/lib/thumb/v7-m/nofp\libcr_c.a(fseek.o)
 .debug_line    0x000072ee      0x17a C:/nxp/MCUXpressoIDE_25.6.136/ide/plugins/com.nxp.mcuxpresso.tools.win32_25.6.0.202501151204/tools/bin/../lib/gcc/arm-none-eabi/14.2.1/../../../../arm-none-eabi/lib/thumb/v7-m/nofp\libcr_c.a(ftell.o)
 .debug_line    0x00007468      0x15c C:/nxp/MCUXpressoIDE_25.6.136/ide/plugins/com.nxp.mcuxpresso.tools.win32_25.6.0.202501151204/tools/bin/../lib/gcc/arm-none-eabi/14.2.1/../../../../arm-none-eabi/lib/thumb/v7-m/nofp\libcr_c.a(remove.o)
 .debug_line    0x000075c4       0x59 C:/nxp/MCUXpressoIDE_25.6.136/ide/plugins/com.nxp.mcuxpresso.tools.win32_25.6.0.202501151204/tools/bin/../lib/gcc/arm-none-eabi/14.2.1/../../../../arm-none-eabi/lib/thumb/v7-m/nofp\libcr_c.a(__init_alloc.o)
 .debug_line    0x0000761d      0x16a C:/nxp/MCUXpressoIDE_25.6.136/ide/plugins/com.nxp.mcuxpresso.tools.win32_25.6.0.202501151204/tools/bin/../lib/gcc/arm-none-eabi/14.2.1/../../../../arm-none-eabi/lib/thumb/v7-m/nofp\libcr_c.a(_cr_sbrk.o)
 .debug_line    0x00007787      0x16c C:/nxp/MCUXpressoIDE_25.6.136/ide/plugins/com.nxp.mcuxpresso.tools.win32_25.6.0.202501151204/tools/bin/../lib/gcc/arm-none-eabi/14.2.1/../../../../arm-none-eabi/lib/thumb/v7-m/nofp\libcr_c.a(_do_fflush.o)
 .debug_line    0x000078f3       0x61 C:/nxp/MCUXpressoIDE_25.6.136/ide/plugins/com.nxp.mcuxpresso.tools.win32_25.6.0.202501151204/tools/bin/../lib/gcc/arm-none-eabi/14.2.1/../../../../arm-none-eabi/lib/thumb/v7-m/nofp\libcr_c.a(_cr_check_heap.o)
 .debug_line    0x00007954     0x1b4f C:/nxp/MCUXpressoIDE_25.6.136/ide/plugins/com.nxp.mcuxpresso.tools.win32_25.6.0.202501151204/tools/bin/../lib/gcc/arm-none-eabi/14.2.1/thumb/v7-m/nofp\libcr_eabihelpers.a(double.o)
 .debug_line    0x000094a3       0xea C:/nxp/MCUXpressoIDE_25.6.136/ide/plugins/com.nxp.mcuxpresso.tools.win32_25.6.0.202501151204/tools/bin/../lib/gcc/arm-none-eabi/14.2.1/../../../../arm-none-eabi/lib/thumb/v7-m/nofp\libcr_semihost.a(__ciob.o)

.debug_str      0x00000000     0xf68d
 .debug_str     0x00000000     0xf68d ./src/cr_startup_lpc175x_6x.o
                               0x3093 (size before relaxing)
 .debug_str     0x0000f68d     0x2f7c ./src/crp.o
 .debug_str     0x0000f68d     0xbebc ./src/digital-osc.o
 .debug_str     0x0000f68d     0x8a49 C:\Users\benja\Documents\MCUXpressoIDE_25.6.136\workspace\CMSISv2p00_LPC17xx\Debug\libCMSISv2p00_LPC17xx.a(system_LPC17xx.o)
 .debug_str     0x0000f68d     0xa60f C:\Users\benja\Documents\MCUXpressoIDE_25.6.136\workspace\CMSISv2p00_LPC17xx\Debug\libCMSISv2p00_LPC17xx.a(lpc17xx_adc.o)
 .debug_str     0x0000f68d     0x9c43 C:\Users\benja\Documents\MCUXpressoIDE_25.6.136\workspace\CMSISv2p00_LPC17xx\Debug\libCMSISv2p00_LPC17xx.a(lpc17xx_clkpwr.o)
 .debug_str     0x0000f68d     0xab89 C:\Users\benja\Documents\MCUXpressoIDE_25.6.136\workspace\CMSISv2p00_LPC17xx\Debug\libCMSISv2p00_LPC17xx.a(lpc17xx_gpdma.o)
 .debug_str     0x0000f68d     0x4870 C:\Users\benja\Documents\MCUXpressoIDE_25.6.136\workspace\CMSISv2p00_LPC17xx\Debug\libCMSISv2p00_LPC17xx.a(lpc17xx_libcfg_default.o)
 .debug_str     0x0000f68d     0xc17e C:\Users\benja\Documents\MCUXpressoIDE_25.6.136\workspace\CMSISv2p00_LPC17xx\Debug\libCMSISv2p00_LPC17xx.a(lpc17xx_uart.o)
 .debug_str     0x0000f68d     0x8ffb C:\Users\benja\Documents\MCUXpressoIDE_25.6.136\workspace\CMSISv2p00_LPC17xx\Debug\libCMSISv2p00_LPC17xx.a(lpc17xx_pinsel.o)
 .debug_str     0x0000f68d      0x168 C:/nxp/MCUXpressoIDE_25.6.136/ide/plugins/com.nxp.mcuxpresso.tools.win32_25.6.0.202501151204/tools/bin/../lib/gcc/arm-none-eabi/14.2.1/../../../../arm-none-eabi/lib/thumb/v7-m/nofp\libcr_semihost.a(_cr__main.o)
 .debug_str     0x0000f68d      0x4b0 C:/nxp/MCUXpressoIDE_25.6.136/ide/plugins/com.nxp.mcuxpresso.tools.win32_25.6.0.202501151204/tools/bin/../lib/gcc/arm-none-eabi/14.2.1/../../../../arm-none-eabi/lib/thumb/v7-m/nofp\libcr_c.a(fpprintf.o)
 .debug_str     0x0000f68d      0x23d C:/nxp/MCUXpressoIDE_25.6.136/ide/plugins/com.nxp.mcuxpresso.tools.win32_25.6.0.202501151204/tools/bin/../lib/gcc/arm-none-eabi/14.2.1/../../../../arm-none-eabi/lib/thumb/v7-m/nofp\libcr_c.a(initio.o)
 .debug_str     0x0000f68d      0x407 C:/nxp/MCUXpressoIDE_25.6.136/ide/plugins/com.nxp.mcuxpresso.tools.win32_25.6.0.202501151204/tools/bin/../lib/gcc/arm-none-eabi/14.2.1/../../../../arm-none-eabi/lib/thumb/v7-m/nofp\libcr_c.a(printf.o)
 .debug_str     0x0000f68d      0x233 C:/nxp/MCUXpressoIDE_25.6.136/ide/plugins/com.nxp.mcuxpresso.tools.win32_25.6.0.202501151204/tools/bin/../lib/gcc/arm-none-eabi/14.2.1/../../../../arm-none-eabi/lib/thumb/v7-m/nofp\libcr_c.a(setvbuf.o)
 .debug_str     0x0000f68d      0x17a C:/nxp/MCUXpressoIDE_25.6.136/ide/plugins/com.nxp.mcuxpresso.tools.win32_25.6.0.202501151204/tools/bin/../lib/gcc/arm-none-eabi/14.2.1/../../../../arm-none-eabi/lib/thumb/v7-m/nofp\libcr_c.a(strlen.o)
 .debug_str     0x0000f68d      0x180 C:/nxp/MCUXpressoIDE_25.6.136/ide/plugins/com.nxp.mcuxpresso.tools.win32_25.6.0.202501151204/tools/bin/../lib/gcc/arm-none-eabi/14.2.1/../../../../arm-none-eabi/lib/thumb/v7-m/nofp\libcr_c.a(memset.o)
 .debug_str     0x0000f68d      0x277 C:/nxp/MCUXpressoIDE_25.6.136/ide/plugins/com.nxp.mcuxpresso.tools.win32_25.6.0.202501151204/tools/bin/../lib/gcc/arm-none-eabi/14.2.1/../../../../arm-none-eabi/lib/thumb/v7-m/nofp\libcr_c.a(_deferredlazyseek.o)
 .debug_str     0x0000f68d      0x230 C:/nxp/MCUXpressoIDE_25.6.136/ide/plugins/com.nxp.mcuxpresso.tools.win32_25.6.0.202501151204/tools/bin/../lib/gcc/arm-none-eabi/14.2.1/../../../../arm-none-eabi/lib/thumb/v7-m/nofp\libcr_c.a(_fdopen.o)
 .debug_str     0x0000f68d      0x212 C:/nxp/MCUXpressoIDE_25.6.136/ide/plugins/com.nxp.mcuxpresso.tools.win32_25.6.0.202501151204/tools/bin/../lib/gcc/arm-none-eabi/14.2.1/../../../../arm-none-eabi/lib/thumb/v7-m/nofp\libcr_c.a(_fflush.o)
 .debug_str     0x0000f68d      0x167 C:/nxp/MCUXpressoIDE_25.6.136/ide/plugins/com.nxp.mcuxpresso.tools.win32_25.6.0.202501151204/tools/bin/../lib/gcc/arm-none-eabi/14.2.1/../../../../arm-none-eabi/lib/thumb/v7-m/nofp\libcr_c.a(_frexpl.o)
 .debug_str     0x0000f68d      0x168 C:/nxp/MCUXpressoIDE_25.6.136/ide/plugins/com.nxp.mcuxpresso.tools.win32_25.6.0.202501151204/tools/bin/../lib/gcc/arm-none-eabi/14.2.1/../../../../arm-none-eabi/lib/thumb/v7-m/nofp\libcr_c.a(_ldexpl.o)
 .debug_str     0x0000f68d      0x243 C:/nxp/MCUXpressoIDE_25.6.136/ide/plugins/com.nxp.mcuxpresso.tools.win32_25.6.0.202501151204/tools/bin/../lib/gcc/arm-none-eabi/14.2.1/../../../../arm-none-eabi/lib/thumb/v7-m/nofp\libcr_c.a(_writebuf.o)
 .debug_str     0x0000f68d      0x233 C:/nxp/MCUXpressoIDE_25.6.136/ide/plugins/com.nxp.mcuxpresso.tools.win32_25.6.0.202501151204/tools/bin/../lib/gcc/arm-none-eabi/14.2.1/../../../../arm-none-eabi/lib/thumb/v7-m/nofp\libcr_c.a(alloc.o)
 .debug_str     0x0000f68d      0x114 C:/nxp/MCUXpressoIDE_25.6.136/ide/plugins/com.nxp.mcuxpresso.tools.win32_25.6.0.202501151204/tools/bin/../lib/gcc/arm-none-eabi/14.2.1/../../../../arm-none-eabi/lib/thumb/v7-m/nofp\libcr_c.a(errno.o)
 .debug_str     0x0000f68d      0x247 C:/nxp/MCUXpressoIDE_25.6.136/ide/plugins/com.nxp.mcuxpresso.tools.win32_25.6.0.202501151204/tools/bin/../lib/gcc/arm-none-eabi/14.2.1/../../../../arm-none-eabi/lib/thumb/v7-m/nofp\libcr_c.a(fclose.o)
 .debug_str     0x0000f68d      0x235 C:/nxp/MCUXpressoIDE_25.6.136/ide/plugins/com.nxp.mcuxpresso.tools.win32_25.6.0.202501151204/tools/bin/../lib/gcc/arm-none-eabi/14.2.1/../../../../arm-none-eabi/lib/thumb/v7-m/nofp\libcr_c.a(fflush.o)
 .debug_str     0x0000f68d      0x237 C:/nxp/MCUXpressoIDE_25.6.136/ide/plugins/com.nxp.mcuxpresso.tools.win32_25.6.0.202501151204/tools/bin/../lib/gcc/arm-none-eabi/14.2.1/../../../../arm-none-eabi/lib/thumb/v7-m/nofp\libcr_c.a(fseek.o)
 .debug_str     0x0000f68d      0x214 C:/nxp/MCUXpressoIDE_25.6.136/ide/plugins/com.nxp.mcuxpresso.tools.win32_25.6.0.202501151204/tools/bin/../lib/gcc/arm-none-eabi/14.2.1/../../../../arm-none-eabi/lib/thumb/v7-m/nofp\libcr_c.a(ftell.o)
 .debug_str     0x0000f68d      0x1d3 C:/nxp/MCUXpressoIDE_25.6.136/ide/plugins/com.nxp.mcuxpresso.tools.win32_25.6.0.202501151204/tools/bin/../lib/gcc/arm-none-eabi/14.2.1/../../../../arm-none-eabi/lib/thumb/v7-m/nofp\libcr_c.a(remove.o)
 .debug_str     0x0000f68d      0x17f C:/nxp/MCUXpressoIDE_25.6.136/ide/plugins/com.nxp.mcuxpresso.tools.win32_25.6.0.202501151204/tools/bin/../lib/gcc/arm-none-eabi/14.2.1/../../../../arm-none-eabi/lib/thumb/v7-m/nofp\libcr_c.a(__init_alloc.o)
 .debug_str     0x0000f68d      0x1c1 C:/nxp/MCUXpressoIDE_25.6.136/ide/plugins/com.nxp.mcuxpresso.tools.win32_25.6.0.202501151204/tools/bin/../lib/gcc/arm-none-eabi/14.2.1/../../../../arm-none-eabi/lib/thumb/v7-m/nofp\libcr_c.a(_cr_sbrk.o)
 .debug_str     0x0000f68d      0x228 C:/nxp/MCUXpressoIDE_25.6.136/ide/plugins/com.nxp.mcuxpresso.tools.win32_25.6.0.202501151204/tools/bin/../lib/gcc/arm-none-eabi/14.2.1/../../../../arm-none-eabi/lib/thumb/v7-m/nofp\libcr_c.a(_do_fflush.o)
 .debug_str     0x0000f68d      0x173 C:/nxp/MCUXpressoIDE_25.6.136/ide/plugins/com.nxp.mcuxpresso.tools.win32_25.6.0.202501151204/tools/bin/../lib/gcc/arm-none-eabi/14.2.1/../../../../arm-none-eabi/lib/thumb/v7-m/nofp\libcr_c.a(_cr_check_heap.o)
 .debug_str     0x0000f68d      0x374 C:/nxp/MCUXpressoIDE_25.6.136/ide/plugins/com.nxp.mcuxpresso.tools.win32_25.6.0.202501151204/tools/bin/../lib/gcc/arm-none-eabi/14.2.1/thumb/v7-m/nofp\libcr_eabihelpers.a(double.o)
 .debug_str     0x0000f68d      0x200 C:/nxp/MCUXpressoIDE_25.6.136/ide/plugins/com.nxp.mcuxpresso.tools.win32_25.6.0.202501151204/tools/bin/../lib/gcc/arm-none-eabi/14.2.1/../../../../arm-none-eabi/lib/thumb/v7-m/nofp\libcr_semihost.a(__ciob.o)

.comment        0x00000000       0x45
 .comment       0x00000000       0x45 ./src/cr_startup_lpc175x_6x.o
                                 0x46 (size before relaxing)
 .comment       0x00000045       0x46 ./src/crp.o
 .comment       0x00000045       0x46 ./src/digital-osc.o
 .comment       0x00000045       0x46 C:\Users\benja\Documents\MCUXpressoIDE_25.6.136\workspace\CMSISv2p00_LPC17xx\Debug\libCMSISv2p00_LPC17xx.a(system_LPC17xx.o)
 .comment       0x00000045       0x46 C:\Users\benja\Documents\MCUXpressoIDE_25.6.136\workspace\CMSISv2p00_LPC17xx\Debug\libCMSISv2p00_LPC17xx.a(lpc17xx_adc.o)
 .comment       0x00000045       0x46 C:\Users\benja\Documents\MCUXpressoIDE_25.6.136\workspace\CMSISv2p00_LPC17xx\Debug\libCMSISv2p00_LPC17xx.a(lpc17xx_clkpwr.o)
 .comment       0x00000045       0x46 C:\Users\benja\Documents\MCUXpressoIDE_25.6.136\workspace\CMSISv2p00_LPC17xx\Debug\libCMSISv2p00_LPC17xx.a(lpc17xx_gpdma.o)
 .comment       0x00000045       0x46 C:\Users\benja\Documents\MCUXpressoIDE_25.6.136\workspace\CMSISv2p00_LPC17xx\Debug\libCMSISv2p00_LPC17xx.a(lpc17xx_libcfg_default.o)
 .comment       0x00000045       0x46 C:\Users\benja\Documents\MCUXpressoIDE_25.6.136\workspace\CMSISv2p00_LPC17xx\Debug\libCMSISv2p00_LPC17xx.a(lpc17xx_uart.o)
 .comment       0x00000045       0x46 C:\Users\benja\Documents\MCUXpressoIDE_25.6.136\workspace\CMSISv2p00_LPC17xx\Debug\libCMSISv2p00_LPC17xx.a(lpc17xx_pinsel.o)
 .comment       0x00000045       0x46 C:/nxp/MCUXpressoIDE_25.6.136/ide/plugins/com.nxp.mcuxpresso.tools.win32_25.6.0.202501151204/tools/bin/../lib/gcc/arm-none-eabi/14.2.1/../../../../arm-none-eabi/lib/thumb/v7-m/nofp\libcr_semihost.a(_cr__main.o)
 .comment       0x00000045       0x46 C:/nxp/MCUXpressoIDE_25.6.136/ide/plugins/com.nxp.mcuxpresso.tools.win32_25.6.0.202501151204/tools/bin/../lib/gcc/arm-none-eabi/14.2.1/../../../../arm-none-eabi/lib/thumb/v7-m/nofp\libcr_c.a(fpprintf.o)
 .comment       0x00000045       0x46 C:/nxp/MCUXpressoIDE_25.6.136/ide/plugins/com.nxp.mcuxpresso.tools.win32_25.6.0.202501151204/tools/bin/../lib/gcc/arm-none-eabi/14.2.1/../../../../arm-none-eabi/lib/thumb/v7-m/nofp\libcr_c.a(initio.o)
 .comment       0x00000045       0x46 C:/nxp/MCUXpressoIDE_25.6.136/ide/plugins/com.nxp.mcuxpresso.tools.win32_25.6.0.202501151204/tools/bin/../lib/gcc/arm-none-eabi/14.2.1/../../../../arm-none-eabi/lib/thumb/v7-m/nofp\libcr_c.a(printf.o)
 .comment       0x00000045       0x46 C:/nxp/MCUXpressoIDE_25.6.136/ide/plugins/com.nxp.mcuxpresso.tools.win32_25.6.0.202501151204/tools/bin/../lib/gcc/arm-none-eabi/14.2.1/../../../../arm-none-eabi/lib/thumb/v7-m/nofp\libcr_c.a(setvbuf.o)
 .comment       0x00000045       0x46 C:/nxp/MCUXpressoIDE_25.6.136/ide/plugins/com.nxp.mcuxpresso.tools.win32_25.6.0.202501151204/tools/bin/../lib/gcc/arm-none-eabi/14.2.1/../../../../arm-none-eabi/lib/thumb/v7-m/nofp\libcr_c.a(strlen.o)
 .comment       0x00000045       0x46 C:/nxp/MCUXpressoIDE_25.6.136/ide/plugins/com.nxp.mcuxpresso.tools.win32_25.6.0.202501151204/tools/bin/../lib/gcc/arm-none-eabi/14.2.1/../../../../arm-none-eabi/lib/thumb/v7-m/nofp\libcr_c.a(memset.o)
 .comment       0x00000045       0x46 C:/nxp/MCUXpressoIDE_25.6.136/ide/plugins/com.nxp.mcuxpresso.tools.win32_25.6.0.202501151204/tools/bin/../lib/gcc/arm-none-eabi/14.2.1/../../../../arm-none-eabi/lib/thumb/v7-m/nofp\libcr_c.a(_deferredlazyseek.o)
 .comment       0x00000045       0x46 C:/nxp/MCUXpressoIDE_25.6.136/ide/plugins/com.nxp.mcuxpresso.tools.win32_25.6.0.202501151204/tools/bin/../lib/gcc/arm-none-eabi/14.2.1/../../../../arm-none-eabi/lib/thumb/v7-m/nofp\libcr_c.a(_fdopen.o)
 .comment       0x00000045       0x46 C:/nxp/MCUXpressoIDE_25.6.136/ide/plugins/com.nxp.mcuxpresso.tools.win32_25.6.0.202501151204/tools/bin/../lib/gcc/arm-none-eabi/14.2.1/../../../../arm-none-eabi/lib/thumb/v7-m/nofp\libcr_c.a(_fflush.o)
 .comment       0x00000045       0x46 C:/nxp/MCUXpressoIDE_25.6.136/ide/plugins/com.nxp.mcuxpresso.tools.win32_25.6.0.202501151204/tools/bin/../lib/gcc/arm-none-eabi/14.2.1/../../../../arm-none-eabi/lib/thumb/v7-m/nofp\libcr_c.a(_frexpl.o)
 .comment       0x00000045       0x46 C:/nxp/MCUXpressoIDE_25.6.136/ide/plugins/com.nxp.mcuxpresso.tools.win32_25.6.0.202501151204/tools/bin/../lib/gcc/arm-none-eabi/14.2.1/../../../../arm-none-eabi/lib/thumb/v7-m/nofp\libcr_c.a(_ldexpl.o)
 .comment       0x00000045       0x46 C:/nxp/MCUXpressoIDE_25.6.136/ide/plugins/com.nxp.mcuxpresso.tools.win32_25.6.0.202501151204/tools/bin/../lib/gcc/arm-none-eabi/14.2.1/../../../../arm-none-eabi/lib/thumb/v7-m/nofp\libcr_c.a(_writebuf.o)
 .comment       0x00000045       0x46 C:/nxp/MCUXpressoIDE_25.6.136/ide/plugins/com.nxp.mcuxpresso.tools.win32_25.6.0.202501151204/tools/bin/../lib/gcc/arm-none-eabi/14.2.1/../../../../arm-none-eabi/lib/thumb/v7-m/nofp\libcr_c.a(alloc.o)